Component: ARM Compiler 5.06 update 6 (build 750) Tool: armlink [4d35ed]

==============================================================================

Section Cross References

    startupnokia.o(RESET) refers to startupnokia.o(STACK) for StackMem
    startupnokia.o(RESET) refers to timers_funciton_class.o(routines) for WideTimer0A_Handler
    startupnokia.o(RESET) refers to main.o(.text) for Start
    main.o(.text) refers to lcd_function_class.o(timer) for Nokia_Init
    main.o(.text) refers to timers_funciton_class.o(routines) for Timers_Init
    main.o(.text) refers to adc_function_class.o(main) for ADC_Init
    main.o(.text) refers to button_function_class.o(.text) for PortF_Button_Init
    timers_funciton_class.o(routines) refers to lcd_function_class.o(timer) for OutStrNokia
    timers_funciton_class.o(routines) refers to timers_funciton_class.o(.text) for gameplayBorder


==============================================================================

Removing Unused input sections from the image.

    Removing startupnokia.o(HEAP), (0 bytes).
    Removing startupnokia.o(.text), (28 bytes).
    Removing adc_function_class.o(sdata), (18 bytes).

3 unused section(s) (total 46 bytes) removed from the image.

==============================================================================

Image Symbol Table

    Local Symbols

    Symbol Name                              Value     Ov Type        Size  Object(Section)

    RESET                                    0x00000000   Section      644  startupnokia.o(RESET)
    ADC_Function_Class.s                     0x00000000   Number         0  adc_function_class.o ABSOLUTE
    Button_Function_Class.s                  0x00000000   Number         0  button_function_class.o ABSOLUTE
    LCD_Function_Class.s                     0x00000000   Number         0  lcd_function_class.o ABSOLUTE
    StartupNokia.s                           0x00000000   Number         0  startupnokia.o ABSOLUTE
    Timers_Funciton_Class.s                  0x00000000   Number         0  timers_funciton_class.o ABSOLUTE
    main.s                                   0x00000000   Number         0  main.o ABSOLUTE
    $v0                                      0x0000026c   Number         0  startupnokia.o(RESET)
    .text                                    0x00000284   Section     1988  main.o(.text)
    gameplayBorder                           0x00000284   Data           0  main.o(.text)
    MSG_Cursor                               0x0000047c   Data           2  main.o(.text)
    MSG_Battleship                           0x0000047e   Data           2  main.o(.text)
    MSG_Civilianship                         0x00000480   Data           2  main.o(.text)
    MSG_Mine                                 0x00000482   Data           2  main.o(.text)
    MSG_Clear_Cursor                         0x00000484   Data           2  main.o(.text)
    MSG_InitialRun                           0x00000486   Data          62  main.o(.text)
    MSG_Welcome                              0x000004c4   Data          43  main.o(.text)
    MSG_WaitUser2                            0x000004ef   Data          83  main.o(.text)
    MSG_FAIL                                 0x00000542   Data          34  main.o(.text)
    MSG_WIN                                  0x00000564   Data          16  main.o(.text)
    MSG_TimerFinish                          0x00000574   Data          12  main.o(.text)
    $v0                                      0x00000580   Number         0  main.o(.text)
    .text                                    0x00000a48   Section      240  button_function_class.o(.text)
    $v0                                      0x00000a48   Number         0  button_function_class.o(.text)
    .text                                    0x00000b38   Section      570  timers_funciton_class.o(.text)
    gameplayBorder                           0x00000b38   Data           0  timers_funciton_class.o(.text)
    MSG_20s                                  0x00000d30   Data           3  timers_funciton_class.o(.text)
    MSG_19s                                  0x00000d33   Data           3  timers_funciton_class.o(.text)
    MSG_18s                                  0x00000d36   Data           3  timers_funciton_class.o(.text)
    MSG_17s                                  0x00000d39   Data           3  timers_funciton_class.o(.text)
    MSG_16s                                  0x00000d3c   Data           3  timers_funciton_class.o(.text)
    MSG_15s                                  0x00000d3f   Data           3  timers_funciton_class.o(.text)
    MSG_14s                                  0x00000d42   Data           3  timers_funciton_class.o(.text)
    MSG_13s                                  0x00000d45   Data           3  timers_funciton_class.o(.text)
    MSG_12s                                  0x00000d48   Data           3  timers_funciton_class.o(.text)
    MSG_11s                                  0x00000d4b   Data           3  timers_funciton_class.o(.text)
    MSG_10s                                  0x00000d4e   Data           3  timers_funciton_class.o(.text)
    MSG_9s                                   0x00000d51   Data           3  timers_funciton_class.o(.text)
    MSG_8s                                   0x00000d54   Data           3  timers_funciton_class.o(.text)
    MSG_7s                                   0x00000d57   Data           3  timers_funciton_class.o(.text)
    MSG_6s                                   0x00000d5a   Data           3  timers_funciton_class.o(.text)
    MSG_5s                                   0x00000d5d   Data           3  timers_funciton_class.o(.text)
    MSG_4s                                   0x00000d60   Data           3  timers_funciton_class.o(.text)
    MSG_3s                                   0x00000d63   Data           3  timers_funciton_class.o(.text)
    MSG_2s                                   0x00000d66   Data           3  timers_funciton_class.o(.text)
    MSG_1s                                   0x00000d69   Data           3  timers_funciton_class.o(.text)
    MSG_0s                                   0x00000d6c   Data           3  timers_funciton_class.o(.text)
    MSG_ClearTimer                           0x00000d6f   Data           3  timers_funciton_class.o(.text)
    main                                     0x00000d74   Section      512  adc_function_class.o(main)
    $v0                                      0x00000d74   Number         0  adc_function_class.o(main)
    routines                                 0x00000f74   Section      760  timers_funciton_class.o(routines)
    $v0                                      0x00000f74   Number         0  timers_funciton_class.o(routines)
    timer                                    0x0000126c   Section     1136  lcd_function_class.o(timer)
    ASCII                                    0x0000126c   Data           5  lcd_function_class.o(timer)
    $v0                                      0x00001448   Number         0  lcd_function_class.o(timer)
    STACK                                    0x20000000   Section     1024  startupnokia.o(STACK)
    StackMem                                 0x20000000   Data           0  startupnokia.o(STACK)

    Global Symbols

    Symbol Name                              Value     Ov Type        Size  Object(Section)

    BuildAttributes$$THM_ISAv4$E$P$D$K$B$S$7EM$VFPi3$EXTD16$VFPS$VFMA$PE$A:L22UL41UL21$X:L11$S22US41US21$IEEE1$IW$USESV6$~STKCKD$USESV7$~SHL$OSPACE$EBA8$STANDARDLIB$EABIv2 0x00000000   Number         0  anon$$obj.o ABSOLUTE
    __Vectors                                0x00000000   Data           0  startupnokia.o(RESET)
    Reset_Handler                            0x0000026d   Thumb Code     0  startupnokia.o(RESET)
    NMI_Handler                              0x00000271   Thumb Code     2  startupnokia.o(RESET)
    HardFault_Handler                        0x00000273   Thumb Code     2  startupnokia.o(RESET)
    MemManage_Handler                        0x00000275   Thumb Code     2  startupnokia.o(RESET)
    BusFault_Handler                         0x00000277   Thumb Code     2  startupnokia.o(RESET)
    UsageFault_Handler                       0x00000279   Thumb Code     2  startupnokia.o(RESET)
    SVC_Handler                              0x0000027b   Thumb Code     2  startupnokia.o(RESET)
    DebugMon_Handler                         0x0000027d   Thumb Code     2  startupnokia.o(RESET)
    PendSV_Handler                           0x0000027f   Thumb Code     2  startupnokia.o(RESET)
    SysTick_Handler                          0x00000281   Thumb Code     2  startupnokia.o(RESET)
    ADC0Seq0_Handler                         0x00000283   Thumb Code     0  startupnokia.o(RESET)
    ADC0Seq1_Handler                         0x00000283   Thumb Code     0  startupnokia.o(RESET)
    ADC0Seq2_Handler                         0x00000283   Thumb Code     0  startupnokia.o(RESET)
    ADC0Seq3_Handler                         0x00000283   Thumb Code     0  startupnokia.o(RESET)
    ADC1Seq0_Handler                         0x00000283   Thumb Code     0  startupnokia.o(RESET)
    ADC1Seq1_Handler                         0x00000283   Thumb Code     0  startupnokia.o(RESET)
    ADC1Seq2_Handler                         0x00000283   Thumb Code     0  startupnokia.o(RESET)
    ADC1Seq3_Handler                         0x00000283   Thumb Code     0  startupnokia.o(RESET)
    CAN0_Handler                             0x00000283   Thumb Code     0  startupnokia.o(RESET)
    CAN1_Handler                             0x00000283   Thumb Code     0  startupnokia.o(RESET)
    CAN2_Handler                             0x00000283   Thumb Code     0  startupnokia.o(RESET)
    Comp0_Handler                            0x00000283   Thumb Code     0  startupnokia.o(RESET)
    Comp1_Handler                            0x00000283   Thumb Code     0  startupnokia.o(RESET)
    Comp2_Handler                            0x00000283   Thumb Code     0  startupnokia.o(RESET)
    Ethernet_Handler                         0x00000283   Thumb Code     0  startupnokia.o(RESET)
    ExtBus_Handler                           0x00000283   Thumb Code     0  startupnokia.o(RESET)
    FPU_Handler                              0x00000283   Thumb Code     0  startupnokia.o(RESET)
    Fan0_Handler                             0x00000283   Thumb Code     0  startupnokia.o(RESET)
    FlashCtl_Handler                         0x00000283   Thumb Code     0  startupnokia.o(RESET)
    GPIOPortA_Handler                        0x00000283   Thumb Code     0  startupnokia.o(RESET)
    GPIOPortB_Handler                        0x00000283   Thumb Code     0  startupnokia.o(RESET)
    GPIOPortC_Handler                        0x00000283   Thumb Code     0  startupnokia.o(RESET)
    GPIOPortD_Handler                        0x00000283   Thumb Code     0  startupnokia.o(RESET)
    GPIOPortE_Handler                        0x00000283   Thumb Code     0  startupnokia.o(RESET)
    GPIOPortF_Handler                        0x00000283   Thumb Code     0  startupnokia.o(RESET)
    GPIOPortG_Handler                        0x00000283   Thumb Code     0  startupnokia.o(RESET)
    GPIOPortH_Handler                        0x00000283   Thumb Code     0  startupnokia.o(RESET)
    GPIOPortJ_Handler                        0x00000283   Thumb Code     0  startupnokia.o(RESET)
    GPIOPortK_Handler                        0x00000283   Thumb Code     0  startupnokia.o(RESET)
    GPIOPortL_Handler                        0x00000283   Thumb Code     0  startupnokia.o(RESET)
    GPIOPortM_Handler                        0x00000283   Thumb Code     0  startupnokia.o(RESET)
    GPIOPortN_Handler                        0x00000283   Thumb Code     0  startupnokia.o(RESET)
    GPIOPortP1_Handler                       0x00000283   Thumb Code     0  startupnokia.o(RESET)
    GPIOPortP2_Handler                       0x00000283   Thumb Code     0  startupnokia.o(RESET)
    GPIOPortP3_Handler                       0x00000283   Thumb Code     0  startupnokia.o(RESET)
    GPIOPortP4_Handler                       0x00000283   Thumb Code     0  startupnokia.o(RESET)
    GPIOPortP5_Handler                       0x00000283   Thumb Code     0  startupnokia.o(RESET)
    GPIOPortP6_Handler                       0x00000283   Thumb Code     0  startupnokia.o(RESET)
    GPIOPortP7_Handler                       0x00000283   Thumb Code     0  startupnokia.o(RESET)
    GPIOPortP_Handler                        0x00000283   Thumb Code     0  startupnokia.o(RESET)
    GPIOPortQ1_Handler                       0x00000283   Thumb Code     0  startupnokia.o(RESET)
    GPIOPortQ2_Handler                       0x00000283   Thumb Code     0  startupnokia.o(RESET)
    GPIOPortQ3_Handler                       0x00000283   Thumb Code     0  startupnokia.o(RESET)
    GPIOPortQ4_Handler                       0x00000283   Thumb Code     0  startupnokia.o(RESET)
    GPIOPortQ5_Handler                       0x00000283   Thumb Code     0  startupnokia.o(RESET)
    GPIOPortQ6_Handler                       0x00000283   Thumb Code     0  startupnokia.o(RESET)
    GPIOPortQ7_Handler                       0x00000283   Thumb Code     0  startupnokia.o(RESET)
    GPIOPortQ_Handler                        0x00000283   Thumb Code     0  startupnokia.o(RESET)
    GPIOPortR_Handler                        0x00000283   Thumb Code     0  startupnokia.o(RESET)
    GPIOPortS_Handler                        0x00000283   Thumb Code     0  startupnokia.o(RESET)
    Hibernate_Handler                        0x00000283   Thumb Code     0  startupnokia.o(RESET)
    I2C0_Handler                             0x00000283   Thumb Code     0  startupnokia.o(RESET)
    I2C1_Handler                             0x00000283   Thumb Code     0  startupnokia.o(RESET)
    I2C2_Handler                             0x00000283   Thumb Code     0  startupnokia.o(RESET)
    I2C3_Handler                             0x00000283   Thumb Code     0  startupnokia.o(RESET)
    I2C4_Handler                             0x00000283   Thumb Code     0  startupnokia.o(RESET)
    I2C5_Handler                             0x00000283   Thumb Code     0  startupnokia.o(RESET)
    I2S0_Handler                             0x00000283   Thumb Code     0  startupnokia.o(RESET)
    LPC0_Handler                             0x00000283   Thumb Code     0  startupnokia.o(RESET)
    PECI0_Handler                            0x00000283   Thumb Code     0  startupnokia.o(RESET)
    PWM0Fault_Handler                        0x00000283   Thumb Code     0  startupnokia.o(RESET)
    PWM0Generator0_Handler                   0x00000283   Thumb Code     0  startupnokia.o(RESET)
    PWM0Generator1_Handler                   0x00000283   Thumb Code     0  startupnokia.o(RESET)
    PWM0Generator2_Handler                   0x00000283   Thumb Code     0  startupnokia.o(RESET)
    PWM0Generator3_Handler                   0x00000283   Thumb Code     0  startupnokia.o(RESET)
    PWM1Fault_Handler                        0x00000283   Thumb Code     0  startupnokia.o(RESET)
    PWM1Generator0_Handler                   0x00000283   Thumb Code     0  startupnokia.o(RESET)
    PWM1Generator1_Handler                   0x00000283   Thumb Code     0  startupnokia.o(RESET)
    PWM1Generator2_Handler                   0x00000283   Thumb Code     0  startupnokia.o(RESET)
    PWM1Generator3_Handler                   0x00000283   Thumb Code     0  startupnokia.o(RESET)
    Quadrature0_Handler                      0x00000283   Thumb Code     0  startupnokia.o(RESET)
    Quadrature1_Handler                      0x00000283   Thumb Code     0  startupnokia.o(RESET)
    Quadrature2_Handler                      0x00000283   Thumb Code     0  startupnokia.o(RESET)
    SSI0_Handler                             0x00000283   Thumb Code     0  startupnokia.o(RESET)
    SSI1_Handler                             0x00000283   Thumb Code     0  startupnokia.o(RESET)
    SSI2_Handler                             0x00000283   Thumb Code     0  startupnokia.o(RESET)
    SSI3_Handler                             0x00000283   Thumb Code     0  startupnokia.o(RESET)
    SysCtl_Handler                           0x00000283   Thumb Code     0  startupnokia.o(RESET)
    Timer0A_Handler                          0x00000283   Thumb Code     0  startupnokia.o(RESET)
    Timer0B_Handler                          0x00000283   Thumb Code     0  startupnokia.o(RESET)
    Timer1A_Handler                          0x00000283   Thumb Code     0  startupnokia.o(RESET)
    Timer1B_Handler                          0x00000283   Thumb Code     0  startupnokia.o(RESET)
    Timer2A_Handler                          0x00000283   Thumb Code     0  startupnokia.o(RESET)
    Timer2B_Handler                          0x00000283   Thumb Code     0  startupnokia.o(RESET)
    Timer3A_Handler                          0x00000283   Thumb Code     0  startupnokia.o(RESET)
    Timer3B_Handler                          0x00000283   Thumb Code     0  startupnokia.o(RESET)
    Timer4A_Handler                          0x00000283   Thumb Code     0  startupnokia.o(RESET)
    Timer4B_Handler                          0x00000283   Thumb Code     0  startupnokia.o(RESET)
    Timer5A_Handler                          0x00000283   Thumb Code     0  startupnokia.o(RESET)
    Timer5B_Handler                          0x00000283   Thumb Code     0  startupnokia.o(RESET)
    UART0_Handler                            0x00000283   Thumb Code     0  startupnokia.o(RESET)
    UART1_Handler                            0x00000283   Thumb Code     0  startupnokia.o(RESET)
    UART2_Handler                            0x00000283   Thumb Code     0  startupnokia.o(RESET)
    UART3_Handler                            0x00000283   Thumb Code     0  startupnokia.o(RESET)
    UART4_Handler                            0x00000283   Thumb Code     0  startupnokia.o(RESET)
    UART5_Handler                            0x00000283   Thumb Code     0  startupnokia.o(RESET)
    UART6_Handler                            0x00000283   Thumb Code     0  startupnokia.o(RESET)
    UART7_Handler                            0x00000283   Thumb Code     0  startupnokia.o(RESET)
    USB0_Handler                             0x00000283   Thumb Code     0  startupnokia.o(RESET)
    WDT_Handler                              0x00000283   Thumb Code     0  startupnokia.o(RESET)
    WideTimer1A_Handler                      0x00000283   Thumb Code     0  startupnokia.o(RESET)
    WideTimer1B_Handler                      0x00000283   Thumb Code     0  startupnokia.o(RESET)
    WideTimer2A_Handler                      0x00000283   Thumb Code     0  startupnokia.o(RESET)
    WideTimer2B_Handler                      0x00000283   Thumb Code     0  startupnokia.o(RESET)
    WideTimer3A_Handler                      0x00000283   Thumb Code     0  startupnokia.o(RESET)
    WideTimer3B_Handler                      0x00000283   Thumb Code     0  startupnokia.o(RESET)
    WideTimer4A_Handler                      0x00000283   Thumb Code     0  startupnokia.o(RESET)
    WideTimer4B_Handler                      0x00000283   Thumb Code     0  startupnokia.o(RESET)
    WideTimer5A_Handler                      0x00000283   Thumb Code     0  startupnokia.o(RESET)
    WideTimer5B_Handler                      0x00000283   Thumb Code     0  startupnokia.o(RESET)
    uDMA_Error                               0x00000283   Thumb Code     0  startupnokia.o(RESET)
    uDMA_Handler                             0x00000283   Thumb Code     0  startupnokia.o(RESET)
    Start                                    0x00000581   Thumb Code     0  main.o(.text)
    Set_Coordinates_Mine                     0x00000815   Thumb Code     0  main.o(.text)
    Check_Interrupt_Status                   0x00000a49   Thumb Code     0  button_function_class.o(.text)
    Clear_Interrupt_Status                   0x00000a63   Thumb Code     0  button_function_class.o(.text)
    PortF_Button_Init                        0x00000a7b   Thumb Code     0  button_function_class.o(.text)
    ADC_1_Read_Y                             0x00000d8f   Thumb Code     0  adc_function_class.o(main)
    ADC_0_Read_X                             0x00000dcd   Thumb Code     0  adc_function_class.o(main)
    Find_Pixel_Coordinate                    0x00000e0b   Thumb Code     0  adc_function_class.o(main)
    ADC_Init                                 0x00000e4d   Thumb Code     0  adc_function_class.o(main)
    WideTimer0A_Handler                      0x00000f75   Thumb Code    54  timers_funciton_class.o(routines)
    WideTimer0B_Handler                      0x00000fab   Thumb Code   272  timers_funciton_class.o(routines)
    Enable_Timers                            0x000010bb   Thumb Code     0  timers_funciton_class.o(routines)
    Timers_Init                              0x000010d5   Thumb Code   212  timers_funciton_class.o(routines)
    Nokia_Init                               0x00001449   Thumb Code     0  lcd_function_class.o(timer)
    TxByte                                   0x00001537   Thumb Code     0  lcd_function_class.o(timer)
    OutImgNokia                              0x0000154b   Thumb Code     0  lcd_function_class.o(timer)
    SetCoordinate                            0x0000159f   Thumb Code     0  lcd_function_class.o(timer)
    OutCharNokia                             0x000015e5   Thumb Code     0  lcd_function_class.o(timer)
    OutStrNokia                              0x0000162b   Thumb Code     0  lcd_function_class.o(timer)
    ClearNokia                               0x00001645   Thumb Code     0  lcd_function_class.o(timer)



==============================================================================

Memory Map of the image

  Image Entry point : 0x0000026d

  Load Region LR_1 (Base: 0x00000000, Size: 0x000016dc, Max: 0xffffffff, ABSOLUTE)

    Execution Region ER_RO (Exec base: 0x00000000, Load base: 0x00000000, Size: 0x000016dc, Max: 0xffffffff, ABSOLUTE)

    Exec Addr    Load Addr    Size         Type   Attr      Idx    E Section Name        Object

    0x00000000   0x00000000   0x00000284   Code   RO            3  * RESET               startupnokia.o
    0x00000284   0x00000284   0x000007c4   Code   RO           12    .text               main.o
    0x00000a48   0x00000a48   0x000000f0   Code   RO           22    .text               button_function_class.o
    0x00000b38   0x00000b38   0x0000023a   Code   RO           25    .text               timers_funciton_class.o
    0x00000d72   0x00000d72   0x00000002   PAD
    0x00000d74   0x00000d74   0x00000200   Code   RO           19  * main                adc_function_class.o
    0x00000f74   0x00000f74   0x000002f8   Code   RO           26    routines            timers_funciton_class.o
    0x0000126c   0x0000126c   0x00000470   Code   RO           15    timer               lcd_function_class.o


    Execution Region ER_RW (Exec base: 0x20000000, Load base: 0x000016dc, Size: 0x00000000, Max: 0xffffffff, ABSOLUTE)

    **** No section assigned to this execution region ****


    Execution Region ER_ZI (Exec base: 0x20000000, Load base: 0x000016dc, Size: 0x00000400, Max: 0xffffffff, ABSOLUTE)

    Exec Addr    Load Addr    Size         Type   Attr      Idx    E Section Name        Object

    0x20000000        -       0x00000400   Zero   RW            1    STACK               startupnokia.o


==============================================================================

Image component sizes


      Code (inc. data)   RO Data    RW Data    ZI Data      Debug   Object Name

       512         88          0          0          0        424   adc_function_class.o
       240         66          0          0          0        332   button_function_class.o
      1136        540          0          0          0        484   lcd_function_class.o
      1988        850          0          0          0        596   main.o
       644        620          0          0       1024        812   startupnokia.o
      1330        766          0          0          0        948   timers_funciton_class.o

    ----------------------------------------------------------------------
      5852       2932          0          0       1024       3596   Object Totals
         0          0          0          0          0          0   (incl. Generated)
         2          2          0          0          0          0   (incl. Padding)

    ----------------------------------------------------------------------
         0          0          0          0          0          0   Library Totals
         0          0          0          0          0          0   (incl. Padding)

    ----------------------------------------------------------------------

==============================================================================


      Code (inc. data)   RO Data    RW Data    ZI Data      Debug   

      5852       2932          0          0       1024       3496   Grand Totals
      5852       2932          0          0       1024       3496   ELF Image Totals
      5852       2932          0          0          0          0   ROM Totals

==============================================================================

    Total RO  Size (Code + RO Data)                 5852 (   5.71kB)
    Total RW  Size (RW Data + ZI Data)              1024 (   1.00kB)
    Total ROM Size (Code + RO Data + RW Data)       5852 (   5.71kB)

==============================================================================

