Component: ARM Compiler 5.06 update 6 (build 750) Tool: armlink [4d35ed]

==============================================================================

Section Cross References

    startupnokia.o(RESET) refers to startupnokia.o(STACK) for StackMem
    startupnokia.o(RESET) refers to main.o(.text) for Start
    main.o(.text) refers to lcd_function_class.o(timer) for Nokia_Init
    main.o(.text) refers to adc_function_class.o(main) for ADC_Init
    main.o(.text) refers to button_function_class.o(.text) for PortF_Button_Init


==============================================================================

Removing Unused input sections from the image.

    Removing startupnokia.o(HEAP), (0 bytes).
    Removing startupnokia.o(.text), (28 bytes).
    Removing adc_function_class.o(sdata), (18 bytes).

3 unused section(s) (total 46 bytes) removed from the image.

==============================================================================

Image Symbol Table

    Local Symbols

    Symbol Name                              Value     Ov Type        Size  Object(Section)

    RESET                                    0x00000000   Section      644  startupnokia.o(RESET)
    ADC_Function_Class.s                     0x00000000   Number         0  adc_function_class.o ABSOLUTE
    Button_Function_Class.s                  0x00000000   Number         0  button_function_class.o ABSOLUTE
    LCD_Function_Class.s                     0x00000000   Number         0  lcd_function_class.o ABSOLUTE
    StartupNokia.s                           0x00000000   Number         0  startupnokia.o ABSOLUTE
    main.s                                   0x00000000   Number         0  main.o ABSOLUTE
    $v0                                      0x0000026c   Number         0  startupnokia.o(RESET)
    .text                                    0x00000284   Section     1124  main.o(.text)
    gameplayBorder                           0x00000284   Data           0  main.o(.text)
    MSG_Cursor                               0x0000047c   Data           2  main.o(.text)
    MSG_Battleship                           0x0000047e   Data           2  main.o(.text)
    MSG_Civilianship                         0x00000480   Data           2  main.o(.text)
    MSG_Clear_Cursor                         0x00000482   Data           2  main.o(.text)
    MSG_InitialRun                           0x00000484   Data          54  main.o(.text)
    MSG_Welcome                              0x000004ba   Data          40  main.o(.text)
    $v0                                      0x000004e2   Number         0  main.o(.text)
    .text                                    0x000006e8   Section      240  button_function_class.o(.text)
    $v0                                      0x000006e8   Number         0  button_function_class.o(.text)
    main                                     0x000007d8   Section      512  adc_function_class.o(main)
    $v0                                      0x000007d8   Number         0  adc_function_class.o(main)
    timer                                    0x000009d8   Section     1140  lcd_function_class.o(timer)
    ASCII                                    0x000009d8   Data           5  lcd_function_class.o(timer)
    $v0                                      0x00000bb4   Number         0  lcd_function_class.o(timer)
    STACK                                    0x20000000   Section     1024  startupnokia.o(STACK)
    StackMem                                 0x20000000   Data           0  startupnokia.o(STACK)

    Global Symbols

    Symbol Name                              Value     Ov Type        Size  Object(Section)

    BuildAttributes$$THM_ISAv4$E$P$D$K$B$S$7EM$VFPi3$EXTD16$VFPS$VFMA$PE$A:L22UL41UL21$X:L11$S22US41US21$IEEE1$IW$USESV6$~STKCKD$USESV7$~SHL$OSPACE$EBA8$STANDARDLIB$EABIv2 0x00000000   Number         0  anon$$obj.o ABSOLUTE
    __Vectors                                0x00000000   Data           0  startupnokia.o(RESET)
    Reset_Handler                            0x0000026d   Thumb Code     0  startupnokia.o(RESET)
    NMI_Handler                              0x00000271   Thumb Code     2  startupnokia.o(RESET)
    HardFault_Handler                        0x00000273   Thumb Code     2  startupnokia.o(RESET)
    MemManage_Handler                        0x00000275   Thumb Code     2  startupnokia.o(RESET)
    BusFault_Handler                         0x00000277   Thumb Code     2  startupnokia.o(RESET)
    UsageFault_Handler                       0x00000279   Thumb Code     2  startupnokia.o(RESET)
    SVC_Handler                              0x0000027b   Thumb Code     2  startupnokia.o(RESET)
    DebugMon_Handler                         0x0000027d   Thumb Code     2  startupnokia.o(RESET)
    PendSV_Handler                           0x0000027f   Thumb Code     2  startupnokia.o(RESET)
    SysTick_Handler                          0x00000281   Thumb Code     2  startupnokia.o(RESET)
    ADC0Seq0_Handler                         0x00000283   Thumb Code     0  startupnokia.o(RESET)
    ADC0Seq1_Handler                         0x00000283   Thumb Code     0  startupnokia.o(RESET)
    ADC0Seq2_Handler                         0x00000283   Thumb Code     0  startupnokia.o(RESET)
    ADC0Seq3_Handler                         0x00000283   Thumb Code     0  startupnokia.o(RESET)
    ADC1Seq0_Handler                         0x00000283   Thumb Code     0  startupnokia.o(RESET)
    ADC1Seq1_Handler                         0x00000283   Thumb Code     0  startupnokia.o(RESET)
    ADC1Seq2_Handler                         0x00000283   Thumb Code     0  startupnokia.o(RESET)
    ADC1Seq3_Handler                         0x00000283   Thumb Code     0  startupnokia.o(RESET)
    CAN0_Handler                             0x00000283   Thumb Code     0  startupnokia.o(RESET)
    CAN1_Handler                             0x00000283   Thumb Code     0  startupnokia.o(RESET)
    CAN2_Handler                             0x00000283   Thumb Code     0  startupnokia.o(RESET)
    Comp0_Handler                            0x00000283   Thumb Code     0  startupnokia.o(RESET)
    Comp1_Handler                            0x00000283   Thumb Code     0  startupnokia.o(RESET)
    Comp2_Handler                            0x00000283   Thumb Code     0  startupnokia.o(RESET)
    Ethernet_Handler                         0x00000283   Thumb Code     0  startupnokia.o(RESET)
    ExtBus_Handler                           0x00000283   Thumb Code     0  startupnokia.o(RESET)
    FPU_Handler                              0x00000283   Thumb Code     0  startupnokia.o(RESET)
    Fan0_Handler                             0x00000283   Thumb Code     0  startupnokia.o(RESET)
    FlashCtl_Handler                         0x00000283   Thumb Code     0  startupnokia.o(RESET)
    GPIOPortA_Handler                        0x00000283   Thumb Code     0  startupnokia.o(RESET)
    GPIOPortB_Handler                        0x00000283   Thumb Code     0  startupnokia.o(RESET)
    GPIOPortC_Handler                        0x00000283   Thumb Code     0  startupnokia.o(RESET)
    GPIOPortD_Handler                        0x00000283   Thumb Code     0  startupnokia.o(RESET)
    GPIOPortE_Handler                        0x00000283   Thumb Code     0  startupnokia.o(RESET)
    GPIOPortF_Handler                        0x00000283   Thumb Code     0  startupnokia.o(RESET)
    GPIOPortG_Handler                        0x00000283   Thumb Code     0  startupnokia.o(RESET)
    GPIOPortH_Handler                        0x00000283   Thumb Code     0  startupnokia.o(RESET)
    GPIOPortJ_Handler                        0x00000283   Thumb Code     0  startupnokia.o(RESET)
    GPIOPortK_Handler                        0x00000283   Thumb Code     0  startupnokia.o(RESET)
    GPIOPortL_Handler                        0x00000283   Thumb Code     0  startupnokia.o(RESET)
    GPIOPortM_Handler                        0x00000283   Thumb Code     0  startupnokia.o(RESET)
    GPIOPortN_Handler                        0x00000283   Thumb Code     0  startupnokia.o(RESET)
    GPIOPortP1_Handler                       0x00000283   Thumb Code     0  startupnokia.o(RESET)
    GPIOPortP2_Handler                       0x00000283   Thumb Code     0  startupnokia.o(RESET)
    GPIOPortP3_Handler                       0x00000283   Thumb Code     0  startupnokia.o(RESET)
    GPIOPortP4_Handler                       0x00000283   Thumb Code     0  startupnokia.o(RESET)
    GPIOPortP5_Handler                       0x00000283   Thumb Code     0  startupnokia.o(RESET)
    GPIOPortP6_Handler                       0x00000283   Thumb Code     0  startupnokia.o(RESET)
    GPIOPortP7_Handler                       0x00000283   Thumb Code     0  startupnokia.o(RESET)
    GPIOPortP_Handler                        0x00000283   Thumb Code     0  startupnokia.o(RESET)
    GPIOPortQ1_Handler                       0x00000283   Thumb Code     0  startupnokia.o(RESET)
    GPIOPortQ2_Handler                       0x00000283   Thumb Code     0  startupnokia.o(RESET)
    GPIOPortQ3_Handler                       0x00000283   Thumb Code     0  startupnokia.o(RESET)
    GPIOPortQ4_Handler                       0x00000283   Thumb Code     0  startupnokia.o(RESET)
    GPIOPortQ5_Handler                       0x00000283   Thumb Code     0  startupnokia.o(RESET)
    GPIOPortQ6_Handler                       0x00000283   Thumb Code     0  startupnokia.o(RESET)
    GPIOPortQ7_Handler                       0x00000283   Thumb Code     0  startupnokia.o(RESET)
    GPIOPortQ_Handler                        0x00000283   Thumb Code     0  startupnokia.o(RESET)
    GPIOPortR_Handler                        0x00000283   Thumb Code     0  startupnokia.o(RESET)
    GPIOPortS_Handler                        0x00000283   Thumb Code     0  startupnokia.o(RESET)
    Hibernate_Handler                        0x00000283   Thumb Code     0  startupnokia.o(RESET)
    I2C0_Handler                             0x00000283   Thumb Code     0  startupnokia.o(RESET)
    I2C1_Handler                             0x00000283   Thumb Code     0  startupnokia.o(RESET)
    I2C2_Handler                             0x00000283   Thumb Code     0  startupnokia.o(RESET)
    I2C3_Handler                             0x00000283   Thumb Code     0  startupnokia.o(RESET)
    I2C4_Handler                             0x00000283   Thumb Code     0  startupnokia.o(RESET)
    I2C5_Handler                             0x00000283   Thumb Code     0  startupnokia.o(RESET)
    I2S0_Handler                             0x00000283   Thumb Code     0  startupnokia.o(RESET)
    LPC0_Handler                             0x00000283   Thumb Code     0  startupnokia.o(RESET)
    PECI0_Handler                            0x00000283   Thumb Code     0  startupnokia.o(RESET)
    PWM0Fault_Handler                        0x00000283   Thumb Code     0  startupnokia.o(RESET)
    PWM0Generator0_Handler                   0x00000283   Thumb Code     0  startupnokia.o(RESET)
    PWM0Generator1_Handler                   0x00000283   Thumb Code     0  startupnokia.o(RESET)
    PWM0Generator2_Handler                   0x00000283   Thumb Code     0  startupnokia.o(RESET)
    PWM0Generator3_Handler                   0x00000283   Thumb Code     0  startupnokia.o(RESET)
    PWM1Fault_Handler                        0x00000283   Thumb Code     0  startupnokia.o(RESET)
    PWM1Generator0_Handler                   0x00000283   Thumb Code     0  startupnokia.o(RESET)
    PWM1Generator1_Handler                   0x00000283   Thumb Code     0  startupnokia.o(RESET)
    PWM1Generator2_Handler                   0x00000283   Thumb Code     0  startupnokia.o(RESET)
    PWM1Generator3_Handler                   0x00000283   Thumb Code     0  startupnokia.o(RESET)
    Quadrature0_Handler                      0x00000283   Thumb Code     0  startupnokia.o(RESET)
    Quadrature1_Handler                      0x00000283   Thumb Code     0  startupnokia.o(RESET)
    Quadrature2_Handler                      0x00000283   Thumb Code     0  startupnokia.o(RESET)
    SSI0_Handler                             0x00000283   Thumb Code     0  startupnokia.o(RESET)
    SSI1_Handler                             0x00000283   Thumb Code     0  startupnokia.o(RESET)
    SSI2_Handler                             0x00000283   Thumb Code     0  startupnokia.o(RESET)
    SSI3_Handler                             0x00000283   Thumb Code     0  startupnokia.o(RESET)
    SysCtl_Handler                           0x00000283   Thumb Code     0  startupnokia.o(RESET)
    Timer0A_Handler                          0x00000283   Thumb Code     0  startupnokia.o(RESET)
    Timer0B_Handler                          0x00000283   Thumb Code     0  startupnokia.o(RESET)
    Timer1A_Handler                          0x00000283   Thumb Code     0  startupnokia.o(RESET)
    Timer1B_Handler                          0x00000283   Thumb Code     0  startupnokia.o(RESET)
    Timer2A_Handler                          0x00000283   Thumb Code     0  startupnokia.o(RESET)
    Timer2B_Handler                          0x00000283   Thumb Code     0  startupnokia.o(RESET)
    Timer3A_Handler                          0x00000283   Thumb Code     0  startupnokia.o(RESET)
    Timer3B_Handler                          0x00000283   Thumb Code     0  startupnokia.o(RESET)
    Timer4A_Handler                          0x00000283   Thumb Code     0  startupnokia.o(RESET)
    Timer4B_Handler                          0x00000283   Thumb Code     0  startupnokia.o(RESET)
    Timer5A_Handler                          0x00000283   Thumb Code     0  startupnokia.o(RESET)
    Timer5B_Handler                          0x00000283   Thumb Code     0  startupnokia.o(RESET)
    UART0_Handler                            0x00000283   Thumb Code     0  startupnokia.o(RESET)
    UART1_Handler                            0x00000283   Thumb Code     0  startupnokia.o(RESET)
    UART2_Handler                            0x00000283   Thumb Code     0  startupnokia.o(RESET)
    UART3_Handler                            0x00000283   Thumb Code     0  startupnokia.o(RESET)
    UART4_Handler                            0x00000283   Thumb Code     0  startupnokia.o(RESET)
    UART5_Handler                            0x00000283   Thumb Code     0  startupnokia.o(RESET)
    UART6_Handler                            0x00000283   Thumb Code     0  startupnokia.o(RESET)
    UART7_Handler                            0x00000283   Thumb Code     0  startupnokia.o(RESET)
    USB0_Handler                             0x00000283   Thumb Code     0  startupnokia.o(RESET)
    WDT_Handler                              0x00000283   Thumb Code     0  startupnokia.o(RESET)
    WideTimer0A_Handler                      0x00000283   Thumb Code     0  startupnokia.o(RESET)
    WideTimer0B_Handler                      0x00000283   Thumb Code     0  startupnokia.o(RESET)
    WideTimer1A_Handler                      0x00000283   Thumb Code     0  startupnokia.o(RESET)
    WideTimer1B_Handler                      0x00000283   Thumb Code     0  startupnokia.o(RESET)
    WideTimer2A_Handler                      0x00000283   Thumb Code     0  startupnokia.o(RESET)
    WideTimer2B_Handler                      0x00000283   Thumb Code     0  startupnokia.o(RESET)
    WideTimer3A_Handler                      0x00000283   Thumb Code     0  startupnokia.o(RESET)
    WideTimer3B_Handler                      0x00000283   Thumb Code     0  startupnokia.o(RESET)
    WideTimer4A_Handler                      0x00000283   Thumb Code     0  startupnokia.o(RESET)
    WideTimer4B_Handler                      0x00000283   Thumb Code     0  startupnokia.o(RESET)
    WideTimer5A_Handler                      0x00000283   Thumb Code     0  startupnokia.o(RESET)
    WideTimer5B_Handler                      0x00000283   Thumb Code     0  startupnokia.o(RESET)
    uDMA_Error                               0x00000283   Thumb Code     0  startupnokia.o(RESET)
    uDMA_Handler                             0x00000283   Thumb Code     0  startupnokia.o(RESET)
    Start                                    0x000004e3   Thumb Code     0  main.o(.text)
    Check_Interrupt_Status                   0x000006e9   Thumb Code     0  button_function_class.o(.text)
    Clear_Interrupt_Status                   0x00000703   Thumb Code     0  button_function_class.o(.text)
    PortF_Button_Init                        0x0000071b   Thumb Code     0  button_function_class.o(.text)
    ADC_1_Read_Y                             0x000007f3   Thumb Code     0  adc_function_class.o(main)
    ADC_0_Read_X                             0x00000831   Thumb Code     0  adc_function_class.o(main)
    Find_Pixel_Coordinate                    0x0000086f   Thumb Code     0  adc_function_class.o(main)
    ADC_Init                                 0x000008b1   Thumb Code     0  adc_function_class.o(main)
    Nokia_Init                               0x00000bb5   Thumb Code     0  lcd_function_class.o(timer)
    TxByte                                   0x00000ca3   Thumb Code     0  lcd_function_class.o(timer)
    OutImgNokia                              0x00000cb7   Thumb Code     0  lcd_function_class.o(timer)
    SetCoordinate                            0x00000d0b   Thumb Code     0  lcd_function_class.o(timer)
    OutCharNokia                             0x00000d51   Thumb Code     0  lcd_function_class.o(timer)
    OutStrNokia                              0x00000d9b   Thumb Code     0  lcd_function_class.o(timer)
    ClearNokia                               0x00000db5   Thumb Code     0  lcd_function_class.o(timer)



==============================================================================

Memory Map of the image

  Image Entry point : 0x0000026d

  Load Region LR_1 (Base: 0x00000000, Size: 0x00000e4c, Max: 0xffffffff, ABSOLUTE)

    Execution Region ER_RO (Exec base: 0x00000000, Load base: 0x00000000, Size: 0x00000e4c, Max: 0xffffffff, ABSOLUTE)

    Exec Addr    Load Addr    Size         Type   Attr      Idx    E Section Name        Object

    0x00000000   0x00000000   0x00000284   Code   RO            3  * RESET               startupnokia.o
    0x00000284   0x00000284   0x00000464   Code   RO           12    .text               main.o
    0x000006e8   0x000006e8   0x000000f0   Code   RO           22    .text               button_function_class.o
    0x000007d8   0x000007d8   0x00000200   Code   RO           19  * main                adc_function_class.o
    0x000009d8   0x000009d8   0x00000474   Code   RO           15    timer               lcd_function_class.o


    Execution Region ER_RW (Exec base: 0x20000000, Load base: 0x00000e4c, Size: 0x00000000, Max: 0xffffffff, ABSOLUTE)

    **** No section assigned to this execution region ****


    Execution Region ER_ZI (Exec base: 0x20000000, Load base: 0x00000e4c, Size: 0x00000400, Max: 0xffffffff, ABSOLUTE)

    Exec Addr    Load Addr    Size         Type   Attr      Idx    E Section Name        Object

    0x20000000        -       0x00000400   Zero   RW            1    STACK               startupnokia.o


==============================================================================

Image component sizes


      Code (inc. data)   RO Data    RW Data    ZI Data      Debug   Object Name

       512         88          0          0          0        424   adc_function_class.o
       240         66          0          0          0        332   button_function_class.o
      1140        540          0          0          0        484   lcd_function_class.o
      1124        644          0          0          0        396   main.o
       644        620          0          0       1024        812   startupnokia.o

    ----------------------------------------------------------------------
      3660       1958          0          0       1024       2448   Object Totals
         0          0          0          0          0          0   (incl. Generated)
         0          0          0          0          0          0   (incl. Padding)

    ----------------------------------------------------------------------
         0          0          0          0          0          0   Library Totals
         0          0          0          0          0          0   (incl. Padding)

    ----------------------------------------------------------------------

==============================================================================


      Code (inc. data)   RO Data    RW Data    ZI Data      Debug   

      3660       1958          0          0       1024       2448   Grand Totals
      3660       1958          0          0       1024       2448   ELF Image Totals
      3660       1958          0          0          0          0   ROM Totals

==============================================================================

    Total RO  Size (Code + RO Data)                 3660 (   3.57kB)
    Total RW  Size (RW Data + ZI Data)              1024 (   1.00kB)
    Total ROM Size (Code + RO Data + RW Data)       3660 (   3.57kB)

==============================================================================

