Component: ARM Compiler 5.06 update 6 (build 750) Tool: armlink [4d35ed]

==============================================================================

Section Cross References

    nokiatest-class-main.o(.text) refers to nokia5110-class.o(timer) for Nokia_Init
    startupnokia.o(RESET) refers to startupnokia.o(STACK) for StackMem
    startupnokia.o(RESET) refers to nokiatest-class-main.o(.text) for Start


==============================================================================

Removing Unused input sections from the image.

    Removing startupnokia.o(HEAP), (0 bytes).
    Removing startupnokia.o(.text), (28 bytes).

2 unused section(s) (total 28 bytes) removed from the image.

==============================================================================

Image Symbol Table

    Local Symbols

    Symbol Name                              Value     Ov Type        Size  Object(Section)

    RESET                                    0x00000000   Section      644  startupnokia.o(RESET)
    Nokia5110-Class.s                        0x00000000   Number         0  nokia5110-class.o ABSOLUTE
    NokiaTest-Class-main.s                   0x00000000   Number         0  nokiatest-class-main.o ABSOLUTE
    StartupNokia.s                           0x00000000   Number         0  startupnokia.o ABSOLUTE
    $v0                                      0x0000026c   Number         0  startupnokia.o(RESET)
    .text                                    0x00000284   Section     1140  nokiatest-class-main.o(.text)
    imgRam                                   0x00000284   Data          14  nokiatest-class-main.o(.text)
    imgCSU                                   0x0000047c   Data           0  nokiatest-class-main.o(.text)
    tstmsg                                   0x00000674   Data          26  nokiatest-class-main.o(.text)
    $v0                                      0x0000068e   Number         0  nokiatest-class-main.o(.text)
    timer                                    0x000006f8   Section     1064  nokia5110-class.o(timer)
    ASCII                                    0x000006f8   Data           5  nokia5110-class.o(timer)
    $v0                                      0x000008d4   Number         0  nokia5110-class.o(timer)
    STACK                                    0x20000000   Section     1024  startupnokia.o(STACK)
    StackMem                                 0x20000000   Data           0  startupnokia.o(STACK)

    Global Symbols

    Symbol Name                              Value     Ov Type        Size  Object(Section)

    BuildAttributes$$THM_ISAv4$E$P$D$K$B$S$7EM$VFPi3$EXTD16$VFPS$VFMA$PE$A:L22UL41UL21$X:L11$S22US41US21$IEEE1$IW$USESV6$~STKCKD$USESV7$~SHL$OSPACE$EBA8$STANDARDLIB$EABIv2 0x00000000   Number         0  anon$$obj.o ABSOLUTE
    __Vectors                                0x00000000   Data           0  startupnokia.o(RESET)
    Reset_Handler                            0x0000026d   Thumb Code     0  startupnokia.o(RESET)
    NMI_Handler                              0x00000271   Thumb Code     2  startupnokia.o(RESET)
    HardFault_Handler                        0x00000273   Thumb Code     2  startupnokia.o(RESET)
    MemManage_Handler                        0x00000275   Thumb Code     2  startupnokia.o(RESET)
    BusFault_Handler                         0x00000277   Thumb Code     2  startupnokia.o(RESET)
    UsageFault_Handler                       0x00000279   Thumb Code     2  startupnokia.o(RESET)
    SVC_Handler                              0x0000027b   Thumb Code     2  startupnokia.o(RESET)
    DebugMon_Handler                         0x0000027d   Thumb Code     2  startupnokia.o(RESET)
    PendSV_Handler                           0x0000027f   Thumb Code     2  startupnokia.o(RESET)
    SysTick_Handler                          0x00000281   Thumb Code     2  startupnokia.o(RESET)
    ADC0Seq0_Handler                         0x00000283   Thumb Code     0  startupnokia.o(RESET)
    ADC0Seq1_Handler                         0x00000283   Thumb Code     0  startupnokia.o(RESET)
    ADC0Seq2_Handler                         0x00000283   Thumb Code     0  startupnokia.o(RESET)
    ADC0Seq3_Handler                         0x00000283   Thumb Code     0  startupnokia.o(RESET)
    ADC1Seq0_Handler                         0x00000283   Thumb Code     0  startupnokia.o(RESET)
    ADC1Seq1_Handler                         0x00000283   Thumb Code     0  startupnokia.o(RESET)
    ADC1Seq2_Handler                         0x00000283   Thumb Code     0  startupnokia.o(RESET)
    ADC1Seq3_Handler                         0x00000283   Thumb Code     0  startupnokia.o(RESET)
    CAN0_Handler                             0x00000283   Thumb Code     0  startupnokia.o(RESET)
    CAN1_Handler                             0x00000283   Thumb Code     0  startupnokia.o(RESET)
    CAN2_Handler                             0x00000283   Thumb Code     0  startupnokia.o(RESET)
    Comp0_Handler                            0x00000283   Thumb Code     0  startupnokia.o(RESET)
    Comp1_Handler                            0x00000283   Thumb Code     0  startupnokia.o(RESET)
    Comp2_Handler                            0x00000283   Thumb Code     0  startupnokia.o(RESET)
    Ethernet_Handler                         0x00000283   Thumb Code     0  startupnokia.o(RESET)
    ExtBus_Handler                           0x00000283   Thumb Code     0  startupnokia.o(RESET)
    FPU_Handler                              0x00000283   Thumb Code     0  startupnokia.o(RESET)
    Fan0_Handler                             0x00000283   Thumb Code     0  startupnokia.o(RESET)
    FlashCtl_Handler                         0x00000283   Thumb Code     0  startupnokia.o(RESET)
    GPIOPortA_Handler                        0x00000283   Thumb Code     0  startupnokia.o(RESET)
    GPIOPortB_Handler                        0x00000283   Thumb Code     0  startupnokia.o(RESET)
    GPIOPortC_Handler                        0x00000283   Thumb Code     0  startupnokia.o(RESET)
    GPIOPortD_Handler                        0x00000283   Thumb Code     0  startupnokia.o(RESET)
    GPIOPortE_Handler                        0x00000283   Thumb Code     0  startupnokia.o(RESET)
    GPIOPortF_Handler                        0x00000283   Thumb Code     0  startupnokia.o(RESET)
    GPIOPortG_Handler                        0x00000283   Thumb Code     0  startupnokia.o(RESET)
    GPIOPortH_Handler                        0x00000283   Thumb Code     0  startupnokia.o(RESET)
    GPIOPortJ_Handler                        0x00000283   Thumb Code     0  startupnokia.o(RESET)
    GPIOPortK_Handler                        0x00000283   Thumb Code     0  startupnokia.o(RESET)
    GPIOPortL_Handler                        0x00000283   Thumb Code     0  startupnokia.o(RESET)
    GPIOPortM_Handler                        0x00000283   Thumb Code     0  startupnokia.o(RESET)
    GPIOPortN_Handler                        0x00000283   Thumb Code     0  startupnokia.o(RESET)
    GPIOPortP1_Handler                       0x00000283   Thumb Code     0  startupnokia.o(RESET)
    GPIOPortP2_Handler                       0x00000283   Thumb Code     0  startupnokia.o(RESET)
    GPIOPortP3_Handler                       0x00000283   Thumb Code     0  startupnokia.o(RESET)
    GPIOPortP4_Handler                       0x00000283   Thumb Code     0  startupnokia.o(RESET)
    GPIOPortP5_Handler                       0x00000283   Thumb Code     0  startupnokia.o(RESET)
    GPIOPortP6_Handler                       0x00000283   Thumb Code     0  startupnokia.o(RESET)
    GPIOPortP7_Handler                       0x00000283   Thumb Code     0  startupnokia.o(RESET)
    GPIOPortP_Handler                        0x00000283   Thumb Code     0  startupnokia.o(RESET)
    GPIOPortQ1_Handler                       0x00000283   Thumb Code     0  startupnokia.o(RESET)
    GPIOPortQ2_Handler                       0x00000283   Thumb Code     0  startupnokia.o(RESET)
    GPIOPortQ3_Handler                       0x00000283   Thumb Code     0  startupnokia.o(RESET)
    GPIOPortQ4_Handler                       0x00000283   Thumb Code     0  startupnokia.o(RESET)
    GPIOPortQ5_Handler                       0x00000283   Thumb Code     0  startupnokia.o(RESET)
    GPIOPortQ6_Handler                       0x00000283   Thumb Code     0  startupnokia.o(RESET)
    GPIOPortQ7_Handler                       0x00000283   Thumb Code     0  startupnokia.o(RESET)
    GPIOPortQ_Handler                        0x00000283   Thumb Code     0  startupnokia.o(RESET)
    GPIOPortR_Handler                        0x00000283   Thumb Code     0  startupnokia.o(RESET)
    GPIOPortS_Handler                        0x00000283   Thumb Code     0  startupnokia.o(RESET)
    Hibernate_Handler                        0x00000283   Thumb Code     0  startupnokia.o(RESET)
    I2C0_Handler                             0x00000283   Thumb Code     0  startupnokia.o(RESET)
    I2C1_Handler                             0x00000283   Thumb Code     0  startupnokia.o(RESET)
    I2C2_Handler                             0x00000283   Thumb Code     0  startupnokia.o(RESET)
    I2C3_Handler                             0x00000283   Thumb Code     0  startupnokia.o(RESET)
    I2C4_Handler                             0x00000283   Thumb Code     0  startupnokia.o(RESET)
    I2C5_Handler                             0x00000283   Thumb Code     0  startupnokia.o(RESET)
    I2S0_Handler                             0x00000283   Thumb Code     0  startupnokia.o(RESET)
    LPC0_Handler                             0x00000283   Thumb Code     0  startupnokia.o(RESET)
    PECI0_Handler                            0x00000283   Thumb Code     0  startupnokia.o(RESET)
    PWM0Fault_Handler                        0x00000283   Thumb Code     0  startupnokia.o(RESET)
    PWM0Generator0_Handler                   0x00000283   Thumb Code     0  startupnokia.o(RESET)
    PWM0Generator1_Handler                   0x00000283   Thumb Code     0  startupnokia.o(RESET)
    PWM0Generator2_Handler                   0x00000283   Thumb Code     0  startupnokia.o(RESET)
    PWM0Generator3_Handler                   0x00000283   Thumb Code     0  startupnokia.o(RESET)
    PWM1Fault_Handler                        0x00000283   Thumb Code     0  startupnokia.o(RESET)
    PWM1Generator0_Handler                   0x00000283   Thumb Code     0  startupnokia.o(RESET)
    PWM1Generator1_Handler                   0x00000283   Thumb Code     0  startupnokia.o(RESET)
    PWM1Generator2_Handler                   0x00000283   Thumb Code     0  startupnokia.o(RESET)
    PWM1Generator3_Handler                   0x00000283   Thumb Code     0  startupnokia.o(RESET)
    Quadrature0_Handler                      0x00000283   Thumb Code     0  startupnokia.o(RESET)
    Quadrature1_Handler                      0x00000283   Thumb Code     0  startupnokia.o(RESET)
    Quadrature2_Handler                      0x00000283   Thumb Code     0  startupnokia.o(RESET)
    SSI0_Handler                             0x00000283   Thumb Code     0  startupnokia.o(RESET)
    SSI1_Handler                             0x00000283   Thumb Code     0  startupnokia.o(RESET)
    SSI2_Handler                             0x00000283   Thumb Code     0  startupnokia.o(RESET)
    SSI3_Handler                             0x00000283   Thumb Code     0  startupnokia.o(RESET)
    SysCtl_Handler                           0x00000283   Thumb Code     0  startupnokia.o(RESET)
    Timer0A_Handler                          0x00000283   Thumb Code     0  startupnokia.o(RESET)
    Timer0B_Handler                          0x00000283   Thumb Code     0  startupnokia.o(RESET)
    Timer1A_Handler                          0x00000283   Thumb Code     0  startupnokia.o(RESET)
    Timer1B_Handler                          0x00000283   Thumb Code     0  startupnokia.o(RESET)
    Timer2A_Handler                          0x00000283   Thumb Code     0  startupnokia.o(RESET)
    Timer2B_Handler                          0x00000283   Thumb Code     0  startupnokia.o(RESET)
    Timer3A_Handler                          0x00000283   Thumb Code     0  startupnokia.o(RESET)
    Timer3B_Handler                          0x00000283   Thumb Code     0  startupnokia.o(RESET)
    Timer4A_Handler                          0x00000283   Thumb Code     0  startupnokia.o(RESET)
    Timer4B_Handler                          0x00000283   Thumb Code     0  startupnokia.o(RESET)
    Timer5A_Handler                          0x00000283   Thumb Code     0  startupnokia.o(RESET)
    Timer5B_Handler                          0x00000283   Thumb Code     0  startupnokia.o(RESET)
    UART0_Handler                            0x00000283   Thumb Code     0  startupnokia.o(RESET)
    UART1_Handler                            0x00000283   Thumb Code     0  startupnokia.o(RESET)
    UART2_Handler                            0x00000283   Thumb Code     0  startupnokia.o(RESET)
    UART3_Handler                            0x00000283   Thumb Code     0  startupnokia.o(RESET)
    UART4_Handler                            0x00000283   Thumb Code     0  startupnokia.o(RESET)
    UART5_Handler                            0x00000283   Thumb Code     0  startupnokia.o(RESET)
    UART6_Handler                            0x00000283   Thumb Code     0  startupnokia.o(RESET)
    UART7_Handler                            0x00000283   Thumb Code     0  startupnokia.o(RESET)
    USB0_Handler                             0x00000283   Thumb Code     0  startupnokia.o(RESET)
    WDT_Handler                              0x00000283   Thumb Code     0  startupnokia.o(RESET)
    WideTimer0A_Handler                      0x00000283   Thumb Code     0  startupnokia.o(RESET)
    WideTimer0B_Handler                      0x00000283   Thumb Code     0  startupnokia.o(RESET)
    WideTimer1A_Handler                      0x00000283   Thumb Code     0  startupnokia.o(RESET)
    WideTimer1B_Handler                      0x00000283   Thumb Code     0  startupnokia.o(RESET)
    WideTimer2A_Handler                      0x00000283   Thumb Code     0  startupnokia.o(RESET)
    WideTimer2B_Handler                      0x00000283   Thumb Code     0  startupnokia.o(RESET)
    WideTimer3A_Handler                      0x00000283   Thumb Code     0  startupnokia.o(RESET)
    WideTimer3B_Handler                      0x00000283   Thumb Code     0  startupnokia.o(RESET)
    WideTimer4A_Handler                      0x00000283   Thumb Code     0  startupnokia.o(RESET)
    WideTimer4B_Handler                      0x00000283   Thumb Code     0  startupnokia.o(RESET)
    WideTimer5A_Handler                      0x00000283   Thumb Code     0  startupnokia.o(RESET)
    WideTimer5B_Handler                      0x00000283   Thumb Code     0  startupnokia.o(RESET)
    uDMA_Error                               0x00000283   Thumb Code     0  startupnokia.o(RESET)
    uDMA_Handler                             0x00000283   Thumb Code     0  startupnokia.o(RESET)
    Start                                    0x0000068f   Thumb Code     4  nokiatest-class-main.o(.text)
    Nokia_Init                               0x000008d5   Thumb Code     0  nokia5110-class.o(timer)
    Out1BNokia                               0x0000097d   Thumb Code     0  nokia5110-class.o(timer)
    OutImgNokia                              0x00000991   Thumb Code     0  nokia5110-class.o(timer)
    SetXYNokia                               0x000009e5   Thumb Code     0  nokia5110-class.o(timer)
    OutCharNokia                             0x00000a2b   Thumb Code     0  nokia5110-class.o(timer)
    OutStrNokia                              0x00000a75   Thumb Code     0  nokia5110-class.o(timer)
    ClearNokia                               0x00000a8d   Thumb Code     0  nokia5110-class.o(timer)



==============================================================================

Memory Map of the image

  Image Entry point : 0x0000026d

  Load Region LR_1 (Base: 0x00000000, Size: 0x00000b20, Max: 0xffffffff, ABSOLUTE)

    Execution Region ER_RO (Exec base: 0x00000000, Load base: 0x00000000, Size: 0x00000b20, Max: 0xffffffff, ABSOLUTE)

    Exec Addr    Load Addr    Size         Type   Attr      Idx    E Section Name        Object

    0x00000000   0x00000000   0x00000284   Code   RO           11  * RESET               startupnokia.o
    0x00000284   0x00000284   0x00000474   Code   RO            6    .text               nokiatest-class-main.o
    0x000006f8   0x000006f8   0x00000428   Code   RO            1    timer               nokia5110-class.o


    Execution Region ER_RW (Exec base: 0x20000000, Load base: 0x00000b20, Size: 0x00000000, Max: 0xffffffff, ABSOLUTE)

    **** No section assigned to this execution region ****


    Execution Region ER_ZI (Exec base: 0x20000000, Load base: 0x00000b20, Size: 0x00000400, Max: 0xffffffff, ABSOLUTE)

    Exec Addr    Load Addr    Size         Type   Attr      Idx    E Section Name        Object

    0x20000000        -       0x00000400   Zero   RW            9    STACK               startupnokia.o


==============================================================================

Image component sizes


      Code (inc. data)   RO Data    RW Data    ZI Data      Debug   Object Name

      1064        536          0          0          0        492   nokia5110-class.o
      1140       1048          0          0          0        296   nokiatest-class-main.o
       644        620          0          0       1024        780   startupnokia.o

    ----------------------------------------------------------------------
      2848       2204          0          0       1024       1568   Object Totals
         0          0          0          0          0          0   (incl. Generated)
         0          0          0          0          0          0   (incl. Padding)

    ----------------------------------------------------------------------
         0          0          0          0          0          0   Library Totals
         0          0          0          0          0          0   (incl. Padding)

    ----------------------------------------------------------------------

==============================================================================


      Code (inc. data)   RO Data    RW Data    ZI Data      Debug   

      2848       2204          0          0       1024       1568   Grand Totals
      2848       2204          0          0       1024       1568   ELF Image Totals
      2848       2204          0          0          0          0   ROM Totals

==============================================================================

    Total RO  Size (Code + RO Data)                 2848 (   2.78kB)
    Total RW  Size (RW Data + ZI Data)              1024 (   1.00kB)
    Total ROM Size (Code + RO Data + RW Data)       2848 (   2.78kB)

==============================================================================

