<html>
<body>
<pre>
<h1>µVision Build Log</h1>
<h2>Tool Versions:</h2>
IDE-Version: µVision V5.26.2.0
Copyright (C) 2018 ARM Ltd and ARM Germany GmbH. All rights reserved.
License Information: Erdem Tuna, Unv, LIC=----
 
Tool Versions:
Toolchain:       MDK-Lite  Version: 5.26.2.0
Toolchain Path:  D:\Keil_v5\ARM\ARMCC\Bin
C Compiler:      Armcc.exe V5.06 update 6 (build 750)
Assembler:       Armasm.exe V5.06 update 6 (build 750)
Linker/Locator:  ArmLink.exe V5.06 update 6 (build 750)
Library Manager: ArmAr.exe V5.06 update 6 (build 750)
Hex Converter:   FromElf.exe V5.06 update 6 (build 750)
CPU DLL:         SARMCM3.DLL V5.26.2.0
Dialog DLL:      DCM.DLL V1.17.2.0
Target DLL:      lmidk-agdi.dll V???
Dialog DLL:      TCM.DLL V1.36.1.0
 
<h2>Project:</h2>
C:\Users\Erdem\Desktop\lab1\lab1.uvprojx
Project File Date:  01/05/2019

<h2>Output:</h2>
*** Using Compiler 'V5.06 update 6 (build 750)', folder: 'D:\Keil_v5\ARM\ARMCC\Bin'
Build target 'q3'
assembling upbnd.s...
assembling InChar.s...
assembling OutChar.s...
assembling Startup.s...
assembling OutStr.s...
assembling convrt.s...
assembling q3.s...
q3.s(24): warning: A1581W: Added 1 bytes of padding at address 0x59
q3.s(89): warning: A1581W: Added 2 bytes of padding at address 0xde
linking...
.\Objects\subroutines.axf: Warning: L6318W: startup.o(RESET) contains branch to a non-code symbol __main.
.\Objects\subroutines.axf: Warning: L6307W: Relocation #REL:126 in startup.o(RESET) with respect to __main. Branch to unaligned destination.
Program Size: Code=1424 RO-data=0 RW-data=1024 ZI-data=0  
Finished: 0 information, 2 warning and 0 error messages.
".\Objects\subroutines.axf" - 0 Error(s), 4 Warning(s).

<h2>Software Packages used:</h2>

Package Vendor: Keil
                http://www.keil.com/pack/Keil.TM4C_DFP.1.1.0.pack
                Keil.TM4C_DFP.1.1.0
                Texas Instruments Tiva C Series Device Support and Examples

<h2>Collection of Component include folders:</h2>
  .\RTE\_q3
  D:\Keil_v5\ARM\PACK\Keil\TM4C_DFP\1.1.0\Device\Include\TM4C123

<h2>Collection of Component Files used:</h2>
Build Time Elapsed:  00:00:00
</pre>
</body>
</html>
