


ARM Macro Assembler    Page 1 


    1 00000000         ;*******************************************************
                       ********
    2 00000000         ;*******************************************************
                       ********
    3 00000000 E000E014 
                       STRELOAD
                               EQU              0xE000E014
    4 00000000 E000E018 
                       STCURRENT
                               EQU              0xE000E018
    5 00000000 E000E010 
                       STCTRL  EQU              0xE000E010
    6 00000000 E000ED20 
                       SHP_SYSPRI3
                               EQU              0xE000ED20
    7 00000000         ;*******************************************************
                       ********
    8 00000000         ; Program section
    9 00000000         ;*******************************************************
                       ********
   10 00000000         ;LABEL  DIRECTIVE VALUE  COMMENT
   11 00000000                 AREA             routines, READONLY, CODE
   12 00000000                 THUMB
   13 00000000                 EXPORT           Conf_SysTick ; Make available
   14 00000000         
   15 00000000         Conf_SysTick
                               PROC
   16 00000000         
   17 00000000 480C            LDR              R0, = STCTRL ; stop clock
   18 00000002 F240 0100 
              F2C0 0100        MOV32            R1, #0x00000000
   19 0000000A 6001            STR              R1,[R0]
   20 0000000C         
   21 0000000C 480A            LDR              R0, = STRELOAD
   22 0000000E 6007            STR              R7,[R0]     ; set in main or in
                                                            terrupts
   23 00000010         
   24 00000010 480A            LDR              R0, = STCURRENT ; reset
   25 00000012 F240 0100 
              F2C0 0100        MOV32            R1, #0x00000000
   26 0000001A 6001            STR              R1,[R0]
   27 0000001C         
   28 0000001C 4808            LDR              R0,=SHP_SYSPRI3
   29 0000001E F04F 4180       MOV              R1,#0x40000000
   30 00000022 6001            STR              R1,[R0]
   31 00000024         
   32 00000024 4803            LDR              R0, = STCTRL
   33 00000026 F240 0101 
              F2C0 0100        MOV32            R1, #0x01   ; POSC clock
   34 0000002E         ; no interrupt
   35 0000002E         ; clock enabled
   36 0000002E 7001            STRB             R1,[R0]
   37 00000030         
   38 00000030         
   39 00000030 B662            CPSIE            I
   40 00000032         
   41 00000032 4770            BX               LR
   42 00000034                 ENDP
   43 00000034         ;*******************************************************



ARM Macro Assembler    Page 2 


                       ********
   44 00000034         ; End of the program  section
   45 00000034         ;*******************************************************
                       ********
   46 00000034         ;LABEL      DIRECTIVE       VALUE                       
                           COMMENT
   47 00000034                 ALIGN
   48 00000034                 END
              E000E010 
              E000E014 
              E000E018 
              E000ED20 
Command Line: --debug --xref --diag_suppress=9931 --cpu=Cortex-M4.fp --apcs=int
erwork --depend=.\objects\conf_systick.d -o.\objects\conf_systick.o -I.\RTE\_q1
 -ID:\Keil_v5\ARM\PACK\Keil\TM4C_DFP\1.1.0\Device\Include\TM4C123 -ID:\Keil_v5\
ARM\CMSIS\Include --predefine="__EVAL SETA 1" --predefine="__UVISION_VERSION SE
TA 526" --predefine="TM4C123GH6PM SETA 1" --list=.\listings\conf_systick.lst Co
nf_SysTick.s



ARM Macro Assembler    Page 1 Alphabetic symbol ordering
Relocatable symbols

Conf_SysTick 00000000

Symbol: Conf_SysTick
   Definitions
      At line 15 in file Conf_SysTick.s
   Uses
      At line 13 in file Conf_SysTick.s
Comment: Conf_SysTick used once
routines 00000000

Symbol: routines
   Definitions
      At line 11 in file Conf_SysTick.s
   Uses
      None
Comment: routines unused
2 symbols



ARM Macro Assembler    Page 1 Alphabetic symbol ordering
Absolute symbols

SHP_SYSPRI3 E000ED20

Symbol: SHP_SYSPRI3
   Definitions
      At line 6 in file Conf_SysTick.s
   Uses
      At line 28 in file Conf_SysTick.s
Comment: SHP_SYSPRI3 used once
STCTRL E000E010

Symbol: STCTRL
   Definitions
      At line 5 in file Conf_SysTick.s
   Uses
      At line 17 in file Conf_SysTick.s
      At line 32 in file Conf_SysTick.s

STCURRENT E000E018

Symbol: STCURRENT
   Definitions
      At line 4 in file Conf_SysTick.s
   Uses
      At line 24 in file Conf_SysTick.s
Comment: STCURRENT used once
STRELOAD E000E014

Symbol: STRELOAD
   Definitions
      At line 3 in file Conf_SysTick.s
   Uses
      At line 21 in file Conf_SysTick.s
Comment: STRELOAD used once
4 symbols
342 symbols in table
