


ARM Macro Assembler    Page 1 


    1 00000000         ;*******************************************************
                       ********
    2 00000000         ; DELAY100
    3 00000000         ; Introdues delay about 100 ms
    4 00000000         ; Formulation
    5 00000000         ; The internal clock of the MCU is 16 MHz.
    6 00000000         ; That means one cycle is 62.5e-9 seconds.
    7 00000000         ; (100e-3)/(62.5e-9) = 1.6e+6 cycles.
    8 00000000         ; 100 ms delay --> 1600000 cycles.
    9 00000000         ; LDR = 1 Cycle
   10 00000000         ; SUBS = 1 Cycle
   11 00000000         ; SUBS = 1 Cycle
   12 00000000         ; BNE = 1 + 2 Cycles
   13 00000000         ; BX = 1 + 2 Cycles 
   14 00000000         ; N = 399998
   15 00000000         ;*******************************************************
                       ********
   16 00000000 018CBA7E 
                       CYCLES  EQU              0x18CBA7E   ; 19999999
   17 00000000         ;*******************************************************
                       ********
   18 00000000         ; Program section
   19 00000000         ;*******************************************************
                       ********
   20 00000000         ;LABEL  DIRECTIVE VALUE  COMMENT
   21 00000000                 AREA             routines, READONLY, CODE
   22 00000000                 THUMB
   23 00000000                 EXPORT           DELAY5      ; Make available
   24 00000000         
   25 00000000         DELAY5  PROC
   26 00000000 B401            PUSH{R0}
   27 00000002 4802            LDR              R0, = CYCLES
   28 00000004         DECR
   29 00000004 3801            SUBS             R0, #1
   30 00000006 D1FD            BNE              DECR
   31 00000008         
   32 00000008 BC01            POP{R0}
   33 0000000A 4770            BX               LR
   34 0000000C                 ENDP
   35 0000000C         ;*******************************************************
                       ********
   36 0000000C         ; End of the program  section
   37 0000000C         ;*******************************************************
                       ********
   38 0000000C         ;LABEL      DIRECTIVE       VALUE                       
                           COMMENT
   39 0000000C                 ALIGN
   40 0000000C                 END
              018CBA7E 
Command Line: --debug --xref --diag_suppress=9931 --cpu=Cortex-M4.fp --apcs=int
erwork --depend=.\objects\delay5.d -o.\objects\delay5.o -I.\RTE\_q2 -ID:\Keil_v
5\ARM\PACK\Keil\TM4C_DFP\1.1.0\Device\Include\TM4C123 -ID:\Keil_v5\ARM\CMSIS\In
clude --predefine="__EVAL SETA 1" --predefine="__UVISION_VERSION SETA 526" --pr
edefine="TM4C123GH6PM SETA 1" --list=.\listings\delay5.lst DELAY5.s



ARM Macro Assembler    Page 1 Alphabetic symbol ordering
Relocatable symbols

DECR 00000004

Symbol: DECR
   Definitions
      At line 28 in file DELAY5.s
   Uses
      At line 30 in file DELAY5.s
Comment: DECR used once
DELAY5 00000000

Symbol: DELAY5
   Definitions
      At line 25 in file DELAY5.s
   Uses
      At line 23 in file DELAY5.s
Comment: DELAY5 used once
routines 00000000

Symbol: routines
   Definitions
      At line 21 in file DELAY5.s
   Uses
      None
Comment: routines unused
3 symbols



ARM Macro Assembler    Page 1 Alphabetic symbol ordering
Absolute symbols

CYCLES 018CBA7E

Symbol: CYCLES
   Definitions
      At line 16 in file DELAY5.s
   Uses
      At line 27 in file DELAY5.s
Comment: CYCLES used once
1 symbol
340 symbols in table
