


ARM Macro Assembler    Page 1 


    1 00000000         ;*******************************************************
                       ********
    2 00000000         ; DELAY100ms
    3 00000000         ; Introdues delay about 100 ms
    4 00000000         ; Formulation
    5 00000000         ; The internal clock of the MCU is 16 MHz.
    6 00000000         ; That means one cycle is 62.5e-9 seconds.
    7 00000000         ; (100e-3)/(62.5e-9) = 1.6e+6 cycles.
    8 00000000         ; 100 ms delay --> 1600000 cycles.
    9 00000000         ; LDR = 1 Cycle
   10 00000000         ; SUBS = 1 Cycle
   11 00000000         ; SUBS = 1 Cycle
   12 00000000         ; BNE = 1 + 2 Cycles
   13 00000000         ; BX = 1 + 2 Cycles 
   14 00000000         ; N = 399998
   15 00000000         ;*******************************************************
                       ********
   16 00000000 00000190 
                       CYCLES  EQU              0x190       ; 400
   17 00000000         ;*******************************************************
                       ********
   18 00000000         ; Program section
   19 00000000         ;*******************************************************
                       ********
   20 00000000         ;LABEL  DIRECTIVE VALUE  COMMENT
   21 00000000                 AREA             routines, READONLY, CODE
   22 00000000                 THUMB
   23 00000000                 EXPORT           DELAY100us  ; Make available
   24 00000000         
   25 00000000         DELAY100us
                               PROC
   26 00000000 B501            PUSH{R0,         LR}
   27 00000002 F44F 70C8       LDR              R0, = CYCLES
   28 00000006 3801    DECR    SUBS             R0, #1
   29 00000008 D1FD            BNE              DECR
   30 0000000A E8BD 4001       POP{R0,          LR}
   31 0000000E 4770            BX               LR
   32 00000010                 ENDP
   33 00000010         ;*******************************************************
                       ********
   34 00000010         ; End of the program  section
   35 00000010         ;*******************************************************
                       ********
   36 00000010         ;LABEL      DIRECTIVE       VALUE                       
                           COMMENT
   37 00000010                 ALIGN
   38 00000010                 END
Command Line: --debug --xref --diag_suppress=9931 --cpu=Cortex-M4.fp --apcs=int
erwork --depend=.\objects\delay100ms.d -o.\objects\delay100ms.o -I.\RTE\_q2 -ID
:\Keil_v5\ARM\PACK\Keil\TM4C_DFP\1.1.0\Device\Include\TM4C123 -ID:\Keil_v5\ARM\
CMSIS\Include --predefine="__EVAL SETA 1" --predefine="__UVISION_VERSION SETA 5
26" --predefine="TM4C123GH6PM SETA 1" --list=.\listings\delay100ms.lst DELAY100
ms.s



ARM Macro Assembler    Page 1 Alphabetic symbol ordering
Relocatable symbols

DECR 00000006

Symbol: DECR
   Definitions
      At line 28 in file DELAY100ms.s
   Uses
      At line 29 in file DELAY100ms.s
Comment: DECR used once
DELAY100us 00000000

Symbol: DELAY100us
   Definitions
      At line 25 in file DELAY100ms.s
   Uses
      At line 23 in file DELAY100ms.s
Comment: DELAY100us used once
routines 00000000

Symbol: routines
   Definitions
      At line 21 in file DELAY100ms.s
   Uses
      None
Comment: routines unused
3 symbols



ARM Macro Assembler    Page 1 Alphabetic symbol ordering
Absolute symbols

CYCLES 00000190

Symbol: CYCLES
   Definitions
      At line 16 in file DELAY100ms.s
   Uses
      At line 27 in file DELAY100ms.s
Comment: CYCLES used once
1 symbol
338 symbols in table
