


ARM Macro Assembler    Page 1 


    1 00000000         ;*******************************************************
                       ********
    2 00000000         ;*******************************************************
                       ********
    3 00000000         ;*******************************************************
                       ********
    4 00000000         ; Program section
    5 00000000 40005400 
                       GPIO_PORTB_DIR
                               EQU              0x40005400
    6 00000000 000000F0 
                       IOB     EQU              0xF0        ; 11110000
    7 00000000 400053C0 
                       GPIO_PORTB_OUT
                               EQU              0x400053C0
    8 00000000 4000503C 
                       GPIO_PORTB_IN
                               EQU              0x4000503C
    9 00000000 88888888 
                       shift_r EQU              0x88888888
   10 00000000 11111111 
                       shift_l EQU              0x11111111
   11 00000000         ;*******************************************************
                       ********
   12 00000000         ;LABEL  DIRECTIVE VALUE  COMMENT
   13 00000000                 AREA             routines, READONLY, CODE
   14 00000000                 THUMB
   15 00000000                 EXPORT           GPIOPortB_Handler
   16 00000000         
   17 00000000         GPIOPortB_Handler
                               PROC
   18 00000000         ;PUSH{R0,R1}
   19 00000000 490D            LDR              R1, = GPIO_PORTB_IN
   20 00000002 480E            LDR              R0, = GPIO_PORTB_OUT
   21 00000004         Detect_IN
   22 00000004 680A            LDR              R2, [R1]
   23 00000006 2A0B            CMP              R2, #0xB
   24 00000008 D00B            BEQ              S_L
   25 0000000A 2A0D            CMP              R2, #0xD
   26 0000000C D000            BEQ              S_R
   27 0000000E 4770            BX               LR
   28 00000010         
   29 00000010         S_R
   30 00000010 F04F 3188       LDR              R1, = shift_r
   31 00000014         S_R_Loop
   32 00000014 7001            STRB             R1, [R0]
   33 00000016 EA4F 0171       ROR              R1, R1, #1
   34 0000001A F1B1 3F88       CMP              R1, #shift_r
   35 0000001E         ;B S_R_Loop
   36 0000001E D1F9            BNE              S_R_Loop
   37 00000020 D008            BEQ              QUIT
   38 00000022         
   39 00000022         S_L
   40 00000022 F04F 3111       LDR              R1, = shift_l
   41 00000026         S_L_Loop
   42 00000026 7001            STRB             R1, [R0]
   43 00000028 EA4F 01F1       ROR              R1, R1, #3
   44 0000002C F1B1 3F11       CMP              R1, #shift_l
   45 00000030         ;B S_L_Loop



ARM Macro Assembler    Page 2 


   46 00000030 D1F9            BNE              S_L_Loop
   47 00000032 D0FF            BEQ              QUIT
   48 00000034         QUIT
   49 00000034         ;PUSH{LR}
   50 00000034         ;POP{R0,R1}
   51 00000034 4770            BX               LR
   52 00000036                 ENDP
   53 00000036         ;*******************************************************
                       ********
   54 00000036         ; End of the program  section
   55 00000036         ;*******************************************************
                       ********
   56 00000036         ;LABEL      DIRECTIVE       VALUE                       
                           COMMENT
   57 00000036 00 00           ALIGN
   58 00000038                 END
              4000503C 
              400053C0 
Command Line: --debug --xref --diag_suppress=9931 --cpu=Cortex-M4.fp --apcs=int
erwork --depend=.\objects\gpioportb_handler.d -o.\objects\gpioportb_handler.o -
I.\RTE\_q1 -ID:\Keil_v5\ARM\PACK\Keil\TM4C_DFP\1.1.0\Device\Include\TM4C123 -ID
:\Keil_v5\ARM\CMSIS\Include --predefine="__EVAL SETA 1" --predefine="__UVISION_
VERSION SETA 526" --predefine="TM4C123GH6PM SETA 1" --list=.\listings\gpioportb
_handler.lst GPIOPortB_Handler.s



ARM Macro Assembler    Page 1 Alphabetic symbol ordering
Relocatable symbols

Detect_IN 00000004

Symbol: Detect_IN
   Definitions
      At line 21 in file GPIOPortB_Handler.s
   Uses
      None
Comment: Detect_IN unused
GPIOPortB_Handler 00000000

Symbol: GPIOPortB_Handler
   Definitions
      At line 17 in file GPIOPortB_Handler.s
   Uses
      At line 15 in file GPIOPortB_Handler.s
Comment: GPIOPortB_Handler used once
QUIT 00000034

Symbol: QUIT
   Definitions
      At line 48 in file GPIOPortB_Handler.s
   Uses
      At line 37 in file GPIOPortB_Handler.s
      At line 47 in file GPIOPortB_Handler.s

S_L 00000022

Symbol: S_L
   Definitions
      At line 39 in file GPIOPortB_Handler.s
   Uses
      At line 24 in file GPIOPortB_Handler.s
Comment: S_L used once
S_L_Loop 00000026

Symbol: S_L_Loop
   Definitions
      At line 41 in file GPIOPortB_Handler.s
   Uses
      At line 46 in file GPIOPortB_Handler.s
Comment: S_L_Loop used once
S_R 00000010

Symbol: S_R
   Definitions
      At line 29 in file GPIOPortB_Handler.s
   Uses
      At line 26 in file GPIOPortB_Handler.s
Comment: S_R used once
S_R_Loop 00000014

Symbol: S_R_Loop
   Definitions
      At line 31 in file GPIOPortB_Handler.s
   Uses
      At line 36 in file GPIOPortB_Handler.s
Comment: S_R_Loop used once
routines 00000000




ARM Macro Assembler    Page 2 Alphabetic symbol ordering
Relocatable symbols

Symbol: routines
   Definitions
      At line 13 in file GPIOPortB_Handler.s
   Uses
      None
Comment: routines unused
8 symbols



ARM Macro Assembler    Page 1 Alphabetic symbol ordering
Absolute symbols

GPIO_PORTB_DIR 40005400

Symbol: GPIO_PORTB_DIR
   Definitions
      At line 5 in file GPIOPortB_Handler.s
   Uses
      None
Comment: GPIO_PORTB_DIR unused
GPIO_PORTB_IN 4000503C

Symbol: GPIO_PORTB_IN
   Definitions
      At line 8 in file GPIOPortB_Handler.s
   Uses
      At line 19 in file GPIOPortB_Handler.s
Comment: GPIO_PORTB_IN used once
GPIO_PORTB_OUT 400053C0

Symbol: GPIO_PORTB_OUT
   Definitions
      At line 7 in file GPIOPortB_Handler.s
   Uses
      At line 20 in file GPIOPortB_Handler.s
Comment: GPIO_PORTB_OUT used once
IOB 000000F0

Symbol: IOB
   Definitions
      At line 6 in file GPIOPortB_Handler.s
   Uses
      None
Comment: IOB unused
shift_l 11111111

Symbol: shift_l
   Definitions
      At line 10 in file GPIOPortB_Handler.s
   Uses
      At line 40 in file GPIOPortB_Handler.s
      At line 44 in file GPIOPortB_Handler.s

shift_r 88888888

Symbol: shift_r
   Definitions
      At line 9 in file GPIOPortB_Handler.s
   Uses
      At line 30 in file GPIOPortB_Handler.s
      At line 34 in file GPIOPortB_Handler.s

6 symbols
350 symbols in table
