


ARM Macro Assembler    Page 1 


    1 00000000         ;*******************************************************
                       ********
    2 00000000         ; EQU Directives
    3 00000000         ; These directives do not allocate memory
    4 00000000         ;*******************************************************
                       ********
    5 00000000         ;SYMBOL  DIRECTIVE VALUE   COMMENT
    6 00000000 20000700 
                       BASE    EQU              0x20000700
    7 00000000 20000700 
                       TARGET  EQU              0x20000700
    8 00000000         ;LABEL DIRECTIVE VALUE COMMENT
    9 00000000                 AREA             sdata , DATA, READONLY
   10 00000000                 THUMB
   11 00000000         ;MSG  DCB     "delaying..."
   12 00000000         
   13 00000000         ;*******************************************************
                       ********
   14 00000000         ; Program section
   15 00000000         ;*******************************************************
                       ********
   16 00000000         ;LABEL  DIRECTIVE VALUE   COMMENT
   17 00000000                 AREA             main, READONLY, CODE
   18 00000000                 THUMB
   19 00000000                 EXTERN           ConfGPIOstepper
   20 00000000                 EXTERN           Conf_SysTick
   21 00000000                 EXPORT           __main
   22 00000000                 ENTRY
   23 00000000         
   24 00000000         __main
   25 00000000 F7FF FFFE       BL               ConfGPIOstepper
   26 00000004 F640 1700 
              F2C0 073D        MOV32            R7, #4000000 ; initial delay 1s
                                                            
   27 0000000C F7FF FFFE       BL               Conf_SysTick
   28 00000010 4D04            LDR              R5, = 0XE000E100
   29 00000012 F24F 040F 
              F2C0 040F        MOV32            R4, #0x00FF00F
   30 0000001A 602C            STR              R4, [R5]
   31 0000001C F04F 0000       MOV              R0, #0
   32 00000020         
   33 00000020         ;BL StepShifter
   34 00000020         done
   35 00000020         
   36 00000020 E7FE            B                done
   37 00000022         
   38 00000022                 END
              00 00 E000E100 
Command Line: --debug --xref --diag_suppress=9931 --cpu=Cortex-M4.fp --apcs=int
erwork --depend=.\objects\q3.d -o.\objects\q3.o -I.\RTE\_q3 -ID:\Keil_v5\ARM\PA
CK\Keil\TM4C_DFP\1.1.0\Device\Include\TM4C123 -ID:\Keil_v5\ARM\CMSIS\Include --
predefine="__EVAL SETA 1" --predefine="__UVISION_VERSION SETA 526" --predefine=
"TM4C123GH6PM SETA 1" --list=.\listings\q3.lst q3.s



ARM Macro Assembler    Page 1 Alphabetic symbol ordering
Relocatable symbols

sdata 00000000

Symbol: sdata
   Definitions
      At line 9 in file q3.s
   Uses
      None
Comment: sdata unused
1 symbol



ARM Macro Assembler    Page 1 Alphabetic symbol ordering
Relocatable symbols

__main 00000000

Symbol: __main
   Definitions
      At line 24 in file q3.s
   Uses
      At line 21 in file q3.s
Comment: __main used once
done 00000020

Symbol: done
   Definitions
      At line 34 in file q3.s
   Uses
      At line 36 in file q3.s
Comment: done used once
main 00000000

Symbol: main
   Definitions
      At line 17 in file q3.s
   Uses
      None
Comment: main unused
3 symbols



ARM Macro Assembler    Page 1 Alphabetic symbol ordering
Absolute symbols

BASE 20000700

Symbol: BASE
   Definitions
      At line 6 in file q3.s
   Uses
      None
Comment: BASE unused
TARGET 20000700

Symbol: TARGET
   Definitions
      At line 7 in file q3.s
   Uses
      None
Comment: TARGET unused
2 symbols



ARM Macro Assembler    Page 1 Alphabetic symbol ordering
External symbols

ConfGPIOstepper 00000000

Symbol: ConfGPIOstepper
   Definitions
      At line 19 in file q3.s
   Uses
      At line 25 in file q3.s
Comment: ConfGPIOstepper used once
Conf_SysTick 00000000

Symbol: Conf_SysTick
   Definitions
      At line 20 in file q3.s
   Uses
      At line 27 in file q3.s
Comment: Conf_SysTick used once
2 symbols
344 symbols in table
