


ARM Macro Assembler    Page 1 


    1 00000000         ;*******************************************************
                       ********
    2 00000000         ; EQU Directives
    3 00000000         ; These directives do not allocate memory
    4 00000000         ;*******************************************************
                       ********
    5 00000000         ;SYMBOL  DIRECTIVE VALUE   COMMENT
    6 00000000 20000700 
                       BASE    EQU              0x20000700
    7 00000000 20000700 
                       TARGET  EQU              0x20000700
    8 00000000         
    9 00000000         ;*******************************************************
                       ********
   10 00000000         ; Program section
   11 00000000         ;*******************************************************
                       ********
   12 00000000         ;LABEL  DIRECTIVE VALUE   COMMENT
   13 00000000                 AREA             main, READONLY, CODE
   14 00000000                 THUMB
   15 00000000                 EXTERN           CONVRT
   16 00000000                 EXTERN           DELAY100
   17 00000000                 EXTERN           OutStr      ; Reference externa
                                                            l subroutine 
   18 00000000                 EXTERN           InChar      ; Reference externa
                                                            l subroutine 
   19 00000000                 EXPORT           __main
   20 00000000                 ENTRY
   21 00000000         
   22 00000000         __main
   23 00000000 E7FF            B                done
   24 00000002         
   25 00000002         done
   26 00000002 E7FE            B                __main
   27 00000004                 END
Command Line: --debug --xref --diag_suppress=9931 --cpu=Cortex-M4.fp --apcs=int
erwork --depend=.\objects\code.d -o.\objects\code.o -I.\RTE\_Target_1 -ID:\Keil
_v5\ARM\PACK\Keil\TM4C_DFP\1.1.0\Device\Include\TM4C123 -ID:\Keil_v5\ARM\CMSIS\
Include --predefine="__EVAL SETA 1" --predefine="__UVISION_VERSION SETA 526" --
predefine="TM4C123GH6PM SETA 1" --list=.\listings\code.lst code.s



ARM Macro Assembler    Page 1 Alphabetic symbol ordering
Relocatable symbols

__main 00000000

Symbol: __main
   Definitions
      At line 22 in file code.s
   Uses
      At line 19 in file code.s
      At line 26 in file code.s

done 00000002

Symbol: done
   Definitions
      At line 25 in file code.s
   Uses
      At line 23 in file code.s
Comment: done used once
main 00000000

Symbol: main
   Definitions
      At line 13 in file code.s
   Uses
      None
Comment: main unused
3 symbols



ARM Macro Assembler    Page 1 Alphabetic symbol ordering
Absolute symbols

BASE 20000700

Symbol: BASE
   Definitions
      At line 6 in file code.s
   Uses
      None
Comment: BASE unused
TARGET 20000700

Symbol: TARGET
   Definitions
      At line 7 in file code.s
   Uses
      None
Comment: TARGET unused
2 symbols



ARM Macro Assembler    Page 1 Alphabetic symbol ordering
External symbols

CONVRT 00000000

Symbol: CONVRT
   Definitions
      At line 15 in file code.s
   Uses
      None
Comment: CONVRT unused
DELAY100 00000000

Symbol: DELAY100
   Definitions
      At line 16 in file code.s
   Uses
      None
Comment: DELAY100 unused
InChar 00000000

Symbol: InChar
   Definitions
      At line 18 in file code.s
   Uses
      None
Comment: InChar unused
OutStr 00000000

Symbol: OutStr
   Definitions
      At line 17 in file code.s
   Uses
      None
Comment: OutStr unused
4 symbols
343 symbols in table
