


ARM Macro Assembler    Page 1 


    1 00000000         ; Pulse.s
    2 00000000         ; Routine for creating a pulse train using interrupts
    3 00000000         ; This uses Channel 0, and a 1MHz Timer Clock (_TAPR = 1
                       5 )
    4 00000000         ; Uses 32/64-bit Timer 0 to create pulse train on PF2
    5 00000000         
    6 00000000         ;Nested Vector Interrupt Controller registers
    7 00000000         ;NVIC_EN0_INT94  EQU 0x00080000 ; Interrupt 94 enable
    8 00000000 E000E108 
                       NVIC_EN0
                               EQU              0xE000E108  ; IRQ 0 to 31 Set E
                                                            nable Register
    9 00000000 E000E45C 
                       NVIC_PRI4
                               EQU              0xE000E45C  ; IRQ 92 to 95 Prio
                                                            rity Register
   10 00000000         
   11 00000000         ; 32/64 Timer Registers
   12 00000000 40036000 
                       TIMER0_CFG
                               EQU              0x40036000
   13 00000000 40036004 
                       TIMER0_TAMR
                               EQU              0x40036004
   14 00000000 4003600C 
                       TIMER0_CTL
                               EQU              0x4003600C
   15 00000000 40036018 
                       TIMER0_IMR
                               EQU              0x40036018
   16 00000000 4003601C 
                       TIMER0_RIS
                               EQU              0x4003601C  ; Timer Interrupt S
                                                            tatus
   17 00000000 40036024 
                       TIMER0_ICR
                               EQU              0x40036024  ; Timer Interrupt C
                                                            lear
   18 00000000 40036028 
                       TIMER0_TAILR
                               EQU              0x40036028  ; Timer interval
   19 00000000 40036038 
                       TIMER0_TAPR
                               EQU              0x40036038
   20 00000000 40036048 
                       TIMER0_TAR
                               EQU              0x40036048  ; Timer register
   21 00000000         
   22 00000000         ;GPIO Registers
   23 00000000 40025010 
                       GPIO_PORTF_DATA
                               EQU              0x40025010  ; Access BIT2
   24 00000000 40025400 
                       GPIO_PORTF_DIR
                               EQU              0x40025400  ; Port Direction
   25 00000000 40025420 
                       GPIO_PORTF_AFSEL
                               EQU              0x40025420  ; Alt Function enab
                                                            le



ARM Macro Assembler    Page 2 


   26 00000000 4002551C 
                       GPIO_PORTF_DEN
                               EQU              0x4002551C  ; Digital Enable
   27 00000000 40025528 
                       GPIO_PORTF_AMSEL
                               EQU              0x40025528  ; Analog enable
   28 00000000 4002552C 
                       GPIO_PORTF_PCTL
                               EQU              0x4002552C  ; Alternate Functio
                                                            ns
   29 00000000         
   30 00000000         ;System Registers
   31 00000000 400FE608 
                       SYSCTL_RCGCGPIO
                               EQU              0x400FE608  ; GPIO Gate Control
                                                            
   32 00000000 400FE65C 
                       SYSCTL_RCGCTIMER
                               EQU              0x400FE65C  ; GPTM Gate Control
                                                            
   33 00000000         ; 32/64-bit Timer 0
   34 00000000         
   35 00000000         ;---------------------------------------------------
   36 00000000 01312D00 
                       LOW     EQU              0x1312D00   ; 20e6 useconds
   37 00000000 01312D00 
                       HIGH    EQU              0x1312D00
   38 00000000         ;---------------------------------------------------
   39 00000000         
   40 00000000                 AREA             routines, CODE, READONLY
   41 00000000                 THUMB
   42 00000000                 EXPORT           WideTimer0A_Handler
   43 00000000                 EXPORT           Timer_20s_CD
   44 00000000         
   45 00000000         ;---------------------------------------------------    
                        
   46 00000000         WideTimer0A_Handler
                               PROC
   47 00000000         ; clear interrupt flag
   48 00000000 4931            LDR              R1, =TIMER0_ICR
   49 00000002 F04F 0001       MOV              R0, #0x01
   50 00000006 6008            STR              R0, [R1]
   51 00000008         
   52 00000008         ; Toggle PortF Data
   53 00000008 4930            LDR              R1, = GPIO_PORTF_DATA
   54 0000000A 6808            LDR              R0,[R1]
   55 0000000C F080 0004       EOR              R0,R0,#0x04
   56 00000010 6008            STR              R0, [R1]
   57 00000012         
   58 00000012         ; change the interrupt interval
   59 00000012 492F            LDR              R1, =TIMER0_TAILR
   60 00000014 6808            LDR              R0 , [R1]
   61 00000016 F080 000A       EOR              R0, R0, #0x0A ; 30usec <--> 20u
                                                            sec
   62 0000001A 6008            STR              R0, [R1]
   63 0000001C         
   64 0000001C         ; Enable timer
   65 0000001C         ;LDR R1, =TIMER0_CTL
   66 0000001C         ;LDR R2, [R1]



ARM Macro Assembler    Page 3 


   67 0000001C         ;ORR R2, R2, #0x03 ; set bit0 to enable
   68 0000001C         ;STR R2, [R1] ; and bit 1 to stall on debug
   69 0000001C         
   70 0000001C 4770            BX               LR
   71 0000001E                 ENDP
   72 0000001E         ;---------------------------------------------------
   73 0000001E         
   74 0000001E         Timer_20s_CD
                               PROC
   75 0000001E B403            PUSH{R0-R1}
   76 00000020 492C            LDR              R1, =SYSCTL_RCGCGPIO 
                                                            ; start GPIO clock
   77 00000022 6808            LDR              R0, [R1]
   78 00000024 F040 0020       ORR              R0, R0, #0x20 ; set bit 5 for p
                                                            ort F
   79 00000028 6008            STR              R0, [R1]
   80 0000002A BF00            NOP                          ; allow clock to se
                                                            ttle
   81 0000002C BF00            NOP
   82 0000002E BF00            NOP
   83 00000030 4929            LDR              R1, =GPIO_PORTF_DIR ; set direc
                                                            tion of PF2
   84 00000032 6808            LDR              R0, [R1]
   85 00000034 F040 0004       ORR              R0, R0, #0x04 ; set bit2 for ou
                                                            tput
   86 00000038 6008            STR              R0, [R1]
   87 0000003A 4928            LDR              R1, =GPIO_PORTF_AFSEL ; regular
                                                             port function
   88 0000003C 6808            LDR              R0, [R1]
   89 0000003E F020 0004       BIC              R0, R0, #0x04
   90 00000042 6008            STR              R0, [R1]
   91 00000044 4926            LDR              R1, =GPIO_PORTF_PCTL ; no alter
                                                            nate function
   92 00000046 6808            LDR              R0, [R1]
   93 00000048 F420 6070       BIC              R0, R0, #0x00000F00
   94 0000004C 6008            STR              R0, [R1]
   95 0000004E 4925            LDR              R1, =GPIO_PORTF_AMSEL 
                                                            ; disable analog
   96 00000050 F04F 0000       MOV              R0, #0
   97 00000054 6008            STR              R0, [R1]
   98 00000056 4924            LDR              R1, =GPIO_PORTF_DEN ; enable po
                                                            rt digital
   99 00000058 6808            LDR              R0, [R1]
  100 0000005A F040 0004       ORR              R0, R0, #0x04
  101 0000005E 6008            STR              R0, [R1]
  102 00000060         
  103 00000060 4922            LDR              R1, =SYSCTL_RCGCTIMER ; Start 3
                                                            2/64-bit Timer 0
  104 00000062 6808            LDR              R0, [R1]
  105 00000064 F040 0001       ORR              R0, R0, #0x01
  106 00000068 6008            STR              R0, [R1]
  107 0000006A BF00            NOP                          ; allow clock to se
                                                            ttle
  108 0000006C BF00            NOP
  109 0000006E BF00            NOP
  110 00000070 491F            LDR              R1, =TIMER0_CTL ; disable timer
                                                             during setup LDR R
                                                            2, [R1]
  111 00000072 6808            LDR              R0, [R1]



ARM Macro Assembler    Page 4 


  112 00000074 F020 0001       BIC              R0, R0, #0x01
  113 00000078 6008            STR              R0, [R1]
  114 0000007A 491E            LDR              R1, =TIMER0_CFG 
                                                            ; set 32 bit mode
  115 0000007C F04F 0004       MOV              R0, #0x04
  116 00000080 6008            STR              R0, [R1]
  117 00000082 491D            LDR              R1, =TIMER0_TAMR
  118 00000084 F04F 0001       MOV              R0, #0x01   ; set to one shot, 
                                                            count down
  119 00000088 6008            STR              R0, [R1]
  120 0000008A 4911            LDR              R1, =TIMER0_TAILR ; initialize 
                                                            match clocks
  121 0000008C 481B            LDR              R0, =LOW
  122 0000008E 6008            STR              R0, [R1]
  123 00000090 491B            LDR              R1, =TIMER0_TAPR
  124 00000092 F04F 000F       MOV              R0, #15     ; divide clock by 1
                                                            6 to
  125 00000096 6008            STR              R0, [R1]    ; get 1us clocks
  126 00000098 491A            LDR              R1, =TIMER0_IMR ; enable timeou
                                                            t interrupt
  127 0000009A F04F 0001       MOV              R0, #0x01
  128 0000009E 6008            STR              R0, [R1]
  129 000000A0         ; Configure interrupt priorities
  130 000000A0         ; Timer0A is interrupt #94.
  131 000000A0         ; Interrupts 92-95 are handled by NVIC register PRI23.
  132 000000A0         ; set NVIC interrupt 94 to priority 2
  133 000000A0 4919            LDR              R1, =NVIC_PRI4
  134 000000A2 6808            LDR              R0, [R1]
  135 000000A4 F420 007F       AND              R0, R0, #0xFF00FFFF ; clear int
                                                            errupt 19 priority
  136 000000A8 F440 0080       ORR              R0, R0, #0x00400000 ; set inter
                                                            rupt 19 priority to
                                                             2
  137 000000AC 6008            STR              R0, [R1]
  138 000000AE         ; NVIC has to be enabled
  139 000000AE         ; Interrupts 64-95 are handled by NVIC register EN2
  140 000000AE         ; Interrupt 94 is controlled by bit 30
  141 000000AE 4917            LDR              R1, =NVIC_EN0
  142 000000B0 6808            LDR              R0, [R1]
  143 000000B2 F040 4080       ORR              R0, R0, #0x40000000 ; set bit 3
                                                            0 to enable interru
                                                            pt 94
  144 000000B6 6008            STR              R0, [R1]
  145 000000B8         ; Enable timer
  146 000000B8 490D            LDR              R1, =TIMER0_CTL
  147 000000BA 6808            LDR              R0, [R1]
  148 000000BC F040 0003       ORR              R0, R0, #0x03 ; set bit0 to ena
                                                            ble
  149 000000C0 6008            STR              R0, [R1]    ; and bit 1 to stal
                                                            l on debug
  150 000000C2 BC03            POP{R0-R1}
  151 000000C4 4770            BX               LR          ; return
  152 000000C6                 ENDP
  153 000000C6                 END
              00 00 40036024 
              40025010 
              40036028 
              400FE608 
              40025400 



ARM Macro Assembler    Page 5 


              40025420 
              4002552C 
              40025528 
              4002551C 
              400FE65C 
              4003600C 
              40036000 
              40036004 
              01312D00 
              40036038 
              40036018 
              E000E45C 
              E000E108 
Command Line: --debug --xref --diag_suppress=9931 --cpu=Cortex-M4.fp --apcs=int
erwork --depend=.\objects\timer_20s_cd.d -o.\objects\timer_20s_cd.o -I.\RTE\_q1
 -ID:\Keil_v5\ARM\PACK\Keil\TM4C_DFP\1.1.0\Device\Include\TM4C123 -ID:\Keil_v5\
ARM\CMSIS\Include --predefine="__EVAL SETA 1" --predefine="__UVISION_VERSION SE
TA 526" --predefine="TM4C123GH6PM SETA 1" --list=.\listings\timer_20s_cd.lst Ti
mer_20s_CD.s



ARM Macro Assembler    Page 1 Alphabetic symbol ordering
Relocatable symbols

Timer_20s_CD 0000001E

Symbol: Timer_20s_CD
   Definitions
      At line 74 in file Timer_20s_CD.s
   Uses
      At line 43 in file Timer_20s_CD.s
Comment: Timer_20s_CD used once
WideTimer0A_Handler 00000000

Symbol: WideTimer0A_Handler
   Definitions
      At line 46 in file Timer_20s_CD.s
   Uses
      At line 42 in file Timer_20s_CD.s
Comment: WideTimer0A_Handler used once
routines 00000000

Symbol: routines
   Definitions
      At line 40 in file Timer_20s_CD.s
   Uses
      None
Comment: routines unused
3 symbols



ARM Macro Assembler    Page 1 Alphabetic symbol ordering
Absolute symbols

GPIO_PORTF_AFSEL 40025420

Symbol: GPIO_PORTF_AFSEL
   Definitions
      At line 25 in file Timer_20s_CD.s
   Uses
      At line 87 in file Timer_20s_CD.s
Comment: GPIO_PORTF_AFSEL used once
GPIO_PORTF_AMSEL 40025528

Symbol: GPIO_PORTF_AMSEL
   Definitions
      At line 27 in file Timer_20s_CD.s
   Uses
      At line 95 in file Timer_20s_CD.s
Comment: GPIO_PORTF_AMSEL used once
GPIO_PORTF_DATA 40025010

Symbol: GPIO_PORTF_DATA
   Definitions
      At line 23 in file Timer_20s_CD.s
   Uses
      At line 53 in file Timer_20s_CD.s
Comment: GPIO_PORTF_DATA used once
GPIO_PORTF_DEN 4002551C

Symbol: GPIO_PORTF_DEN
   Definitions
      At line 26 in file Timer_20s_CD.s
   Uses
      At line 98 in file Timer_20s_CD.s
Comment: GPIO_PORTF_DEN used once
GPIO_PORTF_DIR 40025400

Symbol: GPIO_PORTF_DIR
   Definitions
      At line 24 in file Timer_20s_CD.s
   Uses
      At line 83 in file Timer_20s_CD.s
Comment: GPIO_PORTF_DIR used once
GPIO_PORTF_PCTL 4002552C

Symbol: GPIO_PORTF_PCTL
   Definitions
      At line 28 in file Timer_20s_CD.s
   Uses
      At line 91 in file Timer_20s_CD.s
Comment: GPIO_PORTF_PCTL used once
HIGH 01312D00

Symbol: HIGH
   Definitions
      At line 37 in file Timer_20s_CD.s
   Uses
      None
Comment: HIGH unused
LOW 01312D00

Symbol: LOW



ARM Macro Assembler    Page 2 Alphabetic symbol ordering
Absolute symbols

   Definitions
      At line 36 in file Timer_20s_CD.s
   Uses
      At line 121 in file Timer_20s_CD.s
Comment: LOW used once
NVIC_EN0 E000E108

Symbol: NVIC_EN0
   Definitions
      At line 8 in file Timer_20s_CD.s
   Uses
      At line 141 in file Timer_20s_CD.s
Comment: NVIC_EN0 used once
NVIC_PRI4 E000E45C

Symbol: NVIC_PRI4
   Definitions
      At line 9 in file Timer_20s_CD.s
   Uses
      At line 133 in file Timer_20s_CD.s
Comment: NVIC_PRI4 used once
SYSCTL_RCGCGPIO 400FE608

Symbol: SYSCTL_RCGCGPIO
   Definitions
      At line 31 in file Timer_20s_CD.s
   Uses
      At line 76 in file Timer_20s_CD.s
Comment: SYSCTL_RCGCGPIO used once
SYSCTL_RCGCTIMER 400FE65C

Symbol: SYSCTL_RCGCTIMER
   Definitions
      At line 32 in file Timer_20s_CD.s
   Uses
      At line 103 in file Timer_20s_CD.s
Comment: SYSCTL_RCGCTIMER used once
TIMER0_CFG 40036000

Symbol: TIMER0_CFG
   Definitions
      At line 12 in file Timer_20s_CD.s
   Uses
      At line 114 in file Timer_20s_CD.s
Comment: TIMER0_CFG used once
TIMER0_CTL 4003600C

Symbol: TIMER0_CTL
   Definitions
      At line 14 in file Timer_20s_CD.s
   Uses
      At line 110 in file Timer_20s_CD.s
      At line 146 in file Timer_20s_CD.s

TIMER0_ICR 40036024

Symbol: TIMER0_ICR
   Definitions
      At line 17 in file Timer_20s_CD.s



ARM Macro Assembler    Page 3 Alphabetic symbol ordering
Absolute symbols

   Uses
      At line 48 in file Timer_20s_CD.s
Comment: TIMER0_ICR used once
TIMER0_IMR 40036018

Symbol: TIMER0_IMR
   Definitions
      At line 15 in file Timer_20s_CD.s
   Uses
      At line 126 in file Timer_20s_CD.s
Comment: TIMER0_IMR used once
TIMER0_RIS 4003601C

Symbol: TIMER0_RIS
   Definitions
      At line 16 in file Timer_20s_CD.s
   Uses
      None
Comment: TIMER0_RIS unused
TIMER0_TAILR 40036028

Symbol: TIMER0_TAILR
   Definitions
      At line 18 in file Timer_20s_CD.s
   Uses
      At line 59 in file Timer_20s_CD.s
      At line 120 in file Timer_20s_CD.s

TIMER0_TAMR 40036004

Symbol: TIMER0_TAMR
   Definitions
      At line 13 in file Timer_20s_CD.s
   Uses
      At line 117 in file Timer_20s_CD.s
Comment: TIMER0_TAMR used once
TIMER0_TAPR 40036038

Symbol: TIMER0_TAPR
   Definitions
      At line 19 in file Timer_20s_CD.s
   Uses
      At line 123 in file Timer_20s_CD.s
Comment: TIMER0_TAPR used once
TIMER0_TAR 40036048

Symbol: TIMER0_TAR
   Definitions
      At line 20 in file Timer_20s_CD.s
   Uses
      None
Comment: TIMER0_TAR unused
21 symbols
360 symbols in table
