


ARM Macro Assembler    Page 1 


    1 00000000         ;*******************************************************
                       ******** 
    2 00000000         ; Program_Directives.s  
    3 00000000         ; Copies the table from one location
    4 00000000         ; to another memory location.           
    5 00000000         ; Directives and Addressing modes are   
    6 00000000         ; explained with this program.   
    7 00000000         ;*******************************************************
                       ******** 
    8 00000000         ;*******************************************************
                       ******** 
    9 00000000         ; EQU Directives
   10 00000000         ; These directives do not allocate memory
   11 00000000         ;*******************************************************
                       ********
   12 00000000         ;LABEL  DIRECTIVE VALUE  COMMENT
   13 00000000         ;OFFSET   EQU      0x10
   14 00000000         ;FIRST     EQU      0x20000400 
   15 00000000         ;*******************************************************
                       ********
   16 00000000         ; Directives - This Data Section is part of the code
   17 00000000         ; It is in the read only section  so values cannot be ch
                       anged.
   18 00000000         ;*******************************************************
                       ********
   19 00000000         ;LABEL  DIRECTIVE VALUE  COMMENT
   20 00000000         ;            AREA        sdata, DATA, READONLY
   21 00000000         ;            THUMB
   22 00000000         ;CTR1     DCB      0x10
   23 00000000         ;MSG      DCB      "Copying table..."
   24 00000000         ;   DCB   0x0D
   25 00000000         ;   DCB   0x04
   26 00000000         ;*******************************************************
                       ********
   27 00000000         ; Program section           
   28 00000000         ;*******************************************************
                       ********
   29 00000000         ;LABEL  DIRECTIVE VALUE  COMMENT
   30 00000000                 AREA             routines, READONLY, CODE
   31 00000000                 THUMB
   32 00000000                 EXPORT           subnop      ; Make available
   33 00000000         
   34 00000000         subnop  PROC
   35 00000000 B500            PUSH             {LR}
   36 00000002 BF00            NOP                          ; Does nothing
   37 00000004 F7FF FFFE       BL               subnop2
   38 00000008 BF00            NOP
   39 0000000A F85D EB04       POP              {LR}
   40 0000000E 4770            BX               LR          ; Return to main pr
                                                            ogram
   41 00000010                 ENDP
   42 00000010         
   43 00000010         subnop2 PROC
   44 00000010 BF00            NOP                          ; Does nothing
   45 00000012 BF00            NOP
   46 00000014 4770            BX               LR          ; Return to main pr
                                                            ogram
   47 00000016                 ENDP
   48 00000016         ;*******************************************************



ARM Macro Assembler    Page 2 


                       ********
   49 00000016         ; End of the program  section
   50 00000016         ;*******************************************************
                       ********
   51 00000016         ;LABEL      DIRECTIVE       VALUE                       
                           COMMENT
   52 00000016 00 00           ALIGN
   53 00000018                 END
Command Line: --debug --xref --diag_suppress=9931 --cpu=Cortex-M4.fp --apcs=int
erwork --depend=.\objects\subnop.d -o.\objects\subnop.o -I.\RTE\_Target_1 -ID:\
Keil_v5\ARM\PACK\Keil\TM4C_DFP\1.1.0\Device\Include\TM4C123 -ID:\Keil_v5\ARM\CM
SIS\Include --predefine="__EVAL SETA 1" --predefine="__UVISION_VERSION SETA 526
" --predefine="TM4C123GH6PM SETA 1" --list=.\listings\subnop.lst subnop.s



ARM Macro Assembler    Page 1 Alphabetic symbol ordering
Relocatable symbols

routines 00000000

Symbol: routines
   Definitions
      At line 30 in file subnop.s
   Uses
      None
Comment: routines unused
subnop 00000000

Symbol: subnop
   Definitions
      At line 34 in file subnop.s
   Uses
      At line 32 in file subnop.s
Comment: subnop used once
subnop2 00000010

Symbol: subnop2
   Definitions
      At line 43 in file subnop.s
   Uses
      At line 37 in file subnop.s
Comment: subnop2 used once
3 symbols
337 symbols in table
