


ARM Macro Assembler    Page 1 


    1 00000000         ;*******************************************************
                       ********
    2 00000000         ; Program PracticeLab.s
    3 00000000         ; Clear memory locations 0x2000.0400 - 0x2000.041F,
    4 00000000         ; then load these locations with consecutive numbers sta
                       rting
    5 00000000         ; with 00.
    6 00000000         ; 'CONST' is the number of locations operated on.
    7 00000000         ; 'FIRST' is the address of first memory address.
    8 00000000         ;*******************************************************
                       ********
    9 00000000         
   10 00000000         ;*******************************************************
                       ********
   11 00000000         ; EQU Directives
   12 00000000         ; These directives do not allocate memory
   13 00000000         ;*******************************************************
                       ********
   14 00000000         ;SYMBOL  DIRECTIVE VALUE   COMMENT
   15 00000000 20000400 
                       BASE    EQU              0x20000400
   16 00000000 20001000 
                       TARGET  EQU              0x20001000
   17 00000000         ;*******************************************************
                       ********
   18 00000000         ; Program section
   19 00000000         ;(Nibble separation) Write a program which takes the 32 
                       bits
   20 00000000         ;stored starting at the location 0x20000040 and stores t
                       he four least
   21 00000000         ;significant bits (LSBs) of the least significant byte i
                       n location
   22 00000000         ;0x20000044, i.e., separate these bits, and stores the f
                       our most
   23 00000000         ;significant bits (MSB) of the least significant byte in
                        location
   24 00000000         ;0x20000045 as the least significant bits.
   25 00000000         ;*******************************************************
                       ********
   26 00000000         ;LABEL  DIRECTIVE VALUE   COMMENT
   27 00000000                 AREA             main, READONLY, CODE
   28 00000000                 THUMB
   29 00000000                 EXTERN           subnop
   30 00000000                 EXPORT           __main
   31 00000000                 ENTRY
   32 00000000         
   33 00000000 4C12    __main  LDR              R4, = BASE
   34 00000002 4D13            LDR              R5, = TARGET
   35 00000004 F04F 010A       LDR              R1, = 10
   36 00000008 F04F 060A       LDR              R6, = 10
   37 0000000C 6820            LDR              R0, [R4]    ; Number itself
   38 0000000E         
   39 0000000E D00C    LOOP    BEQ              NEXT
   40 00000010 FBB0 F2F1       UDIV             R2, R0, R1  ; R2 = R0/10
   41 00000014 4614            MOV              R4, R2
   42 00000016 FB02 F201       MUL              R2, R1      ; R2 *= 10
   43 0000001A EBA0 0302       SUB              R3, R0, R2  ; R3 = R0-R2
   44 0000001E 4620            MOV              R0, R4
   45 00000020 F103 0330       ADD              R3, #0x30



ARM Macro Assembler    Page 2 


   46 00000024         
   47 00000024 B408            PUSH             {R3}
   48 00000026 3E01            SUBS             R6, #1
   49 00000028 E7F1            B                LOOP
   50 0000002A         
   51 0000002A F04F 000B 
                       NEXT    LDR              R0, = 11    ; new counter
   52 0000002E F04F 0130       LDR              R1, = 0x30
   53 00000032 3801            SUBS             R0, #1      ; clear xPSR
   54 00000034 E7FF            B                RETRIEVE
   55 00000036         
   56 00000036         RETRIEVE
   57 00000036 BC10            POP              {R4}
   58 00000038 42A1            CMP              R1, R4
   59 0000003A D0FC            BEQ              RETRIEVE
   60 0000003C F805 4B01       STRB             R4, [R5], #1
   61 00000040 F04F 0129       LDR              R1, =0x29
   62 00000044 3801            SUBS             R0, #1
   63 00000046 D1F6            BNE              RETRIEVE
   64 00000048         
   65 00000048 E7FE    done    B                done
   66 0000004A         
   67 0000004A         
   68 0000004A         
   69 0000004A         
   70 0000004A                 END
              00 00 20000400 
              20001000 
Command Line: --debug --xref --diag_suppress=9931 --cpu=Cortex-M4.fp --apcs=int
erwork --depend=.\objects\code.d -o.\objects\code.o -I.\RTE\_Target_1 -ID:\Keil
_v5\ARM\PACK\Keil\TM4C_DFP\1.1.0\Device\Include\TM4C123 -ID:\Keil_v5\ARM\CMSIS\
Include --predefine="__EVAL SETA 1" --predefine="__UVISION_VERSION SETA 526" --
predefine="TM4C123GH6PM SETA 1" --list=.\listings\code.lst code.s



ARM Macro Assembler    Page 1 Alphabetic symbol ordering
Relocatable symbols

LOOP 0000000E

Symbol: LOOP
   Definitions
      At line 39 in file code.s
   Uses
      At line 49 in file code.s
Comment: LOOP used once
NEXT 0000002A

Symbol: NEXT
   Definitions
      At line 51 in file code.s
   Uses
      At line 39 in file code.s
Comment: NEXT used once
RETRIEVE 00000036

Symbol: RETRIEVE
   Definitions
      At line 56 in file code.s
   Uses
      At line 54 in file code.s
      At line 59 in file code.s
      At line 63 in file code.s

__main 00000000

Symbol: __main
   Definitions
      At line 33 in file code.s
   Uses
      At line 30 in file code.s
Comment: __main used once
done 00000048

Symbol: done
   Definitions
      At line 65 in file code.s
   Uses
      At line 65 in file code.s
Comment: done used once
main 00000000

Symbol: main
   Definitions
      At line 27 in file code.s
   Uses
      None
Comment: main unused
6 symbols



ARM Macro Assembler    Page 1 Alphabetic symbol ordering
Absolute symbols

BASE 20000400

Symbol: BASE
   Definitions
      At line 15 in file code.s
   Uses
      At line 33 in file code.s
Comment: BASE used once
TARGET 20001000

Symbol: TARGET
   Definitions
      At line 16 in file code.s
   Uses
      At line 34 in file code.s
Comment: TARGET used once
2 symbols



ARM Macro Assembler    Page 1 Alphabetic symbol ordering
External symbols

subnop 00000000

Symbol: subnop
   Definitions
      At line 29 in file code.s
   Uses
      None
Comment: subnop unused
1 symbol
345 symbols in table
